16:09:51 **** Incremental Build of configuration Debug for project fsbl-disp-coproc ****
make all 
Building file: ../src/fsbl_hooks.c
Invoking: ARM gcc compiler
arm-xilinx-eabi-gcc -Wall -O0 -g3 -I"/home/sefo/devel/dev_boards/zedBoard/self-backed/hdl/projects/adv7511/zed/adv7511_zed.sdk/system_top_hw_platform_0" -c -fmessage-length=0 -MT"src/fsbl_hooks.o" -I../../fsbl-disp-coproc_bsp/ps7_cortexa9_0/include -MMD -MP -MF"src/fsbl_hooks.d" -MT"src/fsbl_hooks.d" -o "src/fsbl_hooks.o" "../src/fsbl_hooks.c"
Finished building: ../src/fsbl_hooks.c
 
Building file: ../src/image_mover.c
Invoking: ARM gcc compiler
arm-xilinx-eabi-gcc -Wall -O0 -g3 -I"/home/sefo/devel/dev_boards/zedBoard/self-backed/hdl/projects/adv7511/zed/adv7511_zed.sdk/system_top_hw_platform_0" -c -fmessage-length=0 -MT"src/image_mover.o" -I../../fsbl-disp-coproc_bsp/ps7_cortexa9_0/include -MMD -MP -MF"src/image_mover.d" -MT"src/image_mover.d" -o "src/image_mover.o" "../src/image_mover.c"
Finished building: ../src/image_mover.c
 
Building file: ../src/main.c
Invoking: ARM gcc compiler
arm-xilinx-eabi-gcc -Wall -O0 -g3 -I"/home/sefo/devel/dev_boards/zedBoard/self-backed/hdl/projects/adv7511/zed/adv7511_zed.sdk/system_top_hw_platform_0" -c -fmessage-length=0 -MT"src/main.o" -I../../fsbl-disp-coproc_bsp/ps7_cortexa9_0/include -MMD -MP -MF"src/main.d" -MT"src/main.d" -o "src/main.o" "../src/main.c"
Finished building: ../src/main.c
 
Building file: ../src/nand.c
Invoking: ARM gcc compiler
arm-xilinx-eabi-gcc -Wall -O0 -g3 -I"/home/sefo/devel/dev_boards/zedBoard/self-backed/hdl/projects/adv7511/zed/adv7511_zed.sdk/system_top_hw_platform_0" -c -fmessage-length=0 -MT"src/nand.o" -I../../fsbl-disp-coproc_bsp/ps7_cortexa9_0/include -MMD -MP -MF"src/nand.d" -MT"src/nand.d" -o "src/nand.o" "../src/nand.c"
Finished building: ../src/nand.c
 
Building file: ../src/nor.c
Invoking: ARM gcc compiler
arm-xilinx-eabi-gcc -Wall -O0 -g3 -I"/home/sefo/devel/dev_boards/zedBoard/self-backed/hdl/projects/adv7511/zed/adv7511_zed.sdk/system_top_hw_platform_0" -c -fmessage-length=0 -MT"src/nor.o" -I../../fsbl-disp-coproc_bsp/ps7_cortexa9_0/include -MMD -MP -MF"src/nor.d" -MT"src/nor.d" -o "src/nor.o" "../src/nor.c"
Finished building: ../src/nor.c
 
Building file: ../src/pcap.c
Invoking: ARM gcc compiler
arm-xilinx-eabi-gcc -Wall -O0 -g3 -I"/home/sefo/devel/dev_boards/zedBoard/self-backed/hdl/projects/adv7511/zed/adv7511_zed.sdk/system_top_hw_platform_0" -c -fmessage-length=0 -MT"src/pcap.o" -I../../fsbl-disp-coproc_bsp/ps7_cortexa9_0/include -MMD -MP -MF"src/pcap.d" -MT"src/pcap.d" -o "src/pcap.o" "../src/pcap.c"
Finished building: ../src/pcap.c
 
Building file: /home/sefo/devel/dev_boards/zedBoard/self-backed/hdl/projects/adv7511/zed/adv7511_zed.sdk/system_top_hw_platform_0/ps7_init.c
Invoking: ARM gcc compiler
arm-xilinx-eabi-gcc -Wall -O0 -g3 -I"/home/sefo/devel/dev_boards/zedBoard/self-backed/hdl/projects/adv7511/zed/adv7511_zed.sdk/system_top_hw_platform_0" -c -fmessage-length=0 -MT"src/ps7_init.o" -I../../fsbl-disp-coproc_bsp/ps7_cortexa9_0/include -MMD -MP -MF"src/ps7_init.d" -MT"src/ps7_init.d" -o "src/ps7_init.o" "/home/sefo/devel/dev_boards/zedBoard/self-backed/hdl/projects/adv7511/zed/adv7511_zed.sdk/system_top_hw_platform_0/ps7_init.c"
Finished building: /home/sefo/devel/dev_boards/zedBoard/self-backed/hdl/projects/adv7511/zed/adv7511_zed.sdk/system_top_hw_platform_0/ps7_init.c
 
Building file: ../src/qspi.c
Invoking: ARM gcc compiler
arm-xilinx-eabi-gcc -Wall -O0 -g3 -I"/home/sefo/devel/dev_boards/zedBoard/self-backed/hdl/projects/adv7511/zed/adv7511_zed.sdk/system_top_hw_platform_0" -c -fmessage-length=0 -MT"src/qspi.o" -I../../fsbl-disp-coproc_bsp/ps7_cortexa9_0/include -MMD -MP -MF"src/qspi.d" -MT"src/qspi.d" -o "src/qspi.o" "../src/qspi.c"
Finished building: ../src/qspi.c
 
Building file: ../src/rsa.c
Invoking: ARM gcc compiler
arm-xilinx-eabi-gcc -Wall -O0 -g3 -I"/home/sefo/devel/dev_boards/zedBoard/self-backed/hdl/projects/adv7511/zed/adv7511_zed.sdk/system_top_hw_platform_0" -c -fmessage-length=0 -MT"src/rsa.o" -I../../fsbl-disp-coproc_bsp/ps7_cortexa9_0/include -MMD -MP -MF"src/rsa.d" -MT"src/rsa.d" -o "src/rsa.o" "../src/rsa.c"
Finished building: ../src/rsa.c
 
Building file: ../src/sd.c
Invoking: ARM gcc compiler
arm-xilinx-eabi-gcc -Wall -O0 -g3 -I"/home/sefo/devel/dev_boards/zedBoard/self-backed/hdl/projects/adv7511/zed/adv7511_zed.sdk/system_top_hw_platform_0" -c -fmessage-length=0 -MT"src/sd.o" -I../../fsbl-disp-coproc_bsp/ps7_cortexa9_0/include -MMD -MP -MF"src/sd.d" -MT"src/sd.d" -o "src/sd.o" "../src/sd.c"
Finished building: ../src/sd.c
 
Building target: fsbl-disp-coproc.elf
Invoking: ARM gcc linker
arm-xilinx-eabi-gcc -L"/home/sefo/devel/dev_boards/zedBoard/self-backed/hdl/projects/adv7511/zed/adv7511_zed.sdk/fsbl-disp-coproc/src" -Wl,-T -Wl,../src/lscript.ld -L../../fsbl-disp-coproc_bsp/ps7_cortexa9_0/lib -o "fsbl-disp-coproc.elf"  ./src/fsbl_handoff.o ./src/fsbl_hooks.o ./src/image_mover.o ./src/main.o ./src/md5.o ./src/nand.o ./src/nor.o ./src/pcap.o ./src/ps7_init.o ./src/qspi.o ./src/rsa.o ./src/sd.o   -lrsa -Wl,--start-group,-lxil,-lgcc,-lc,--end-group -Wl,--start-group,-lxilffs,-lxil,-lgcc,-lc,--end-group -Wl,--start-group,-lrsa,-lxil,-lgcc,-lc,--end-group
Finished building target: fsbl-disp-coproc.elf
 
Invoking: ARM Print Size
arm-xilinx-eabi-size fsbl-disp-coproc.elf  |tee "fsbl-disp-coproc.elf.size"
   text	   data	    bss	    dec	    hex	filename
  77120	  11860	  74308	 163288	  27dd8	fsbl-disp-coproc.elf
Finished building: fsbl-disp-coproc.elf.size
 
19:54:02 **** Auto Build of configuration Debug for project fsbl-disp-coproc ****
make all 
Building file: ../src/fsbl_hooks.c
Invoking: ARM gcc compiler
arm-xilinx-eabi-gcc -Wall -O0 -g3 -I"/home/sefo/devel/dev_boards/zedBoard/self-backed/hdl/projects/adv7511/zed/adv7511_zed.sdk/system_top_hw_platform_0" -c -fmessage-length=0 -MT"src/fsbl_hooks.o" -I../../fsbl-disp-coproc_bsp/ps7_cortexa9_0/include -MMD -MP -MF"src/fsbl_hooks.d" -MT"src/fsbl_hooks.d" -o "src/fsbl_hooks.o" "../src/fsbl_hooks.c"
Finished building: ../src/fsbl_hooks.c
 
Building file: ../src/image_mover.c
Invoking: ARM gcc compiler
arm-xilinx-eabi-gcc -Wall -O0 -g3 -I"/home/sefo/devel/dev_boards/zedBoard/self-backed/hdl/projects/adv7511/zed/adv7511_zed.sdk/system_top_hw_platform_0" -c -fmessage-length=0 -MT"src/image_mover.o" -I../../fsbl-disp-coproc_bsp/ps7_cortexa9_0/include -MMD -MP -MF"src/image_mover.d" -MT"src/image_mover.d" -o "src/image_mover.o" "../src/image_mover.c"
Finished building: ../src/image_mover.c
 
Building file: ../src/main.c
Invoking: ARM gcc compiler
arm-xilinx-eabi-gcc -Wall -O0 -g3 -I"/home/sefo/devel/dev_boards/zedBoard/self-backed/hdl/projects/adv7511/zed/adv7511_zed.sdk/system_top_hw_platform_0" -c -fmessage-length=0 -MT"src/main.o" -I../../fsbl-disp-coproc_bsp/ps7_cortexa9_0/include -MMD -MP -MF"src/main.d" -MT"src/main.d" -o "src/main.o" "../src/main.c"
Finished building: ../src/main.c
 
Building file: ../src/nand.c
Invoking: ARM gcc compiler
arm-xilinx-eabi-gcc -Wall -O0 -g3 -I"/home/sefo/devel/dev_boards/zedBoard/self-backed/hdl/projects/adv7511/zed/adv7511_zed.sdk/system_top_hw_platform_0" -c -fmessage-length=0 -MT"src/nand.o" -I../../fsbl-disp-coproc_bsp/ps7_cortexa9_0/include -MMD -MP -MF"src/nand.d" -MT"src/nand.d" -o "src/nand.o" "../src/nand.c"
Finished building: ../src/nand.c
 
Building file: ../src/nor.c
Invoking: ARM gcc compiler
arm-xilinx-eabi-gcc -Wall -O0 -g3 -I"/home/sefo/devel/dev_boards/zedBoard/self-backed/hdl/projects/adv7511/zed/adv7511_zed.sdk/system_top_hw_platform_0" -c -fmessage-length=0 -MT"src/nor.o" -I../../fsbl-disp-coproc_bsp/ps7_cortexa9_0/include -MMD -MP -MF"src/nor.d" -MT"src/nor.d" -o "src/nor.o" "../src/nor.c"
Finished building: ../src/nor.c
 
Building file: ../src/pcap.c
Invoking: ARM gcc compiler
arm-xilinx-eabi-gcc -Wall -O0 -g3 -I"/home/sefo/devel/dev_boards/zedBoard/self-backed/hdl/projects/adv7511/zed/adv7511_zed.sdk/system_top_hw_platform_0" -c -fmessage-length=0 -MT"src/pcap.o" -I../../fsbl-disp-coproc_bsp/ps7_cortexa9_0/include -MMD -MP -MF"src/pcap.d" -MT"src/pcap.d" -o "src/pcap.o" "../src/pcap.c"
Finished building: ../src/pcap.c
 
Building file: /home/sefo/devel/dev_boards/zedBoard/self-backed/hdl/projects/adv7511/zed/adv7511_zed.sdk/system_top_hw_platform_0/ps7_init.c
Invoking: ARM gcc compiler
arm-xilinx-eabi-gcc -Wall -O0 -g3 -I"/home/sefo/devel/dev_boards/zedBoard/self-backed/hdl/projects/adv7511/zed/adv7511_zed.sdk/system_top_hw_platform_0" -c -fmessage-length=0 -MT"src/ps7_init.o" -I../../fsbl-disp-coproc_bsp/ps7_cortexa9_0/include -MMD -MP -MF"src/ps7_init.d" -MT"src/ps7_init.d" -o "src/ps7_init.o" "/home/sefo/devel/dev_boards/zedBoard/self-backed/hdl/projects/adv7511/zed/adv7511_zed.sdk/system_top_hw_platform_0/ps7_init.c"
Finished building: /home/sefo/devel/dev_boards/zedBoard/self-backed/hdl/projects/adv7511/zed/adv7511_zed.sdk/system_top_hw_platform_0/ps7_init.c
 
Building file: ../src/qspi.c
Invoking: ARM gcc compiler
arm-xilinx-eabi-gcc -Wall -O0 -g3 -I"/home/sefo/devel/dev_boards/zedBoard/self-backed/hdl/projects/adv7511/zed/adv7511_zed.sdk/system_top_hw_platform_0" -c -fmessage-length=0 -MT"src/qspi.o" -I../../fsbl-disp-coproc_bsp/ps7_cortexa9_0/include -MMD -MP -MF"src/qspi.d" -MT"src/qspi.d" -o "src/qspi.o" "../src/qspi.c"
Finished building: ../src/qspi.c
 
Building file: ../src/rsa.c
Invoking: ARM gcc compiler
arm-xilinx-eabi-gcc -Wall -O0 -g3 -I"/home/sefo/devel/dev_boards/zedBoard/self-backed/hdl/projects/adv7511/zed/adv7511_zed.sdk/system_top_hw_platform_0" -c -fmessage-length=0 -MT"src/rsa.o" -I../../fsbl-disp-coproc_bsp/ps7_cortexa9_0/include -MMD -MP -MF"src/rsa.d" -MT"src/rsa.d" -o "src/rsa.o" "../src/rsa.c"
Finished building: ../src/rsa.c
 
Building file: ../src/sd.c
Invoking: ARM gcc compiler
arm-xilinx-eabi-gcc -Wall -O0 -g3 -I"/home/sefo/devel/dev_boards/zedBoard/self-backed/hdl/projects/adv7511/zed/adv7511_zed.sdk/system_top_hw_platform_0" -c -fmessage-length=0 -MT"src/sd.o" -I../../fsbl-disp-coproc_bsp/ps7_cortexa9_0/include -MMD -MP -MF"src/sd.d" -MT"src/sd.d" -o "src/sd.o" "../src/sd.c"
Finished building: ../src/sd.c
 
Building target: fsbl-disp-coproc.elf
Invoking: ARM gcc linker
arm-xilinx-eabi-gcc -L"/home/sefo/devel/dev_boards/zedBoard/self-backed/hdl/projects/adv7511/zed/adv7511_zed.sdk/fsbl-disp-coproc/src" -Wl,-T -Wl,../src/lscript.ld -L../../fsbl-disp-coproc_bsp/ps7_cortexa9_0/lib -o "fsbl-disp-coproc.elf"  ./src/fsbl_handoff.o ./src/fsbl_hooks.o ./src/image_mover.o ./src/main.o ./src/md5.o ./src/nand.o ./src/nor.o ./src/pcap.o ./src/ps7_init.o ./src/qspi.o ./src/rsa.o ./src/sd.o   -lrsa -Wl,--start-group,-lxil,-lgcc,-lc,--end-group -Wl,--start-group,-lxilffs,-lxil,-lgcc,-lc,--end-group -Wl,--start-group,-lrsa,-lxil,-lgcc,-lc,--end-group
Finished building target: fsbl-disp-coproc.elf
 
Invoking: ARM Print Size
arm-xilinx-eabi-size fsbl-disp-coproc.elf  |tee "fsbl-disp-coproc.elf.size"
   text	   data	    bss	    dec	    hex	filename
  77120	  11860	  74308	 163288	  27dd8	fsbl-disp-coproc.elf
Finished building: fsbl-disp-coproc.elf.size
 
19:56:22 **** Build of project standalone_bsp_0 ****
make -k all 
Running Make include in ps7_cortexa9_0/libsrc/ddrps_v1_0/src
make -C ps7_cortexa9_0/libsrc/ddrps_v1_0/src -s include  "SHELL=/bin/sh" "COMPILER=arm-xilinx-eabi-gcc" "ARCHIVER=arm-xilinx-eabi-ar" "COMPILER_FLAGS=  -O2 -c" "EXTRA_COMPILER_FLAGS=-g"
Running Make include in ps7_cortexa9_0/libsrc/axivdma_v6_0/src
make -C ps7_cortexa9_0/libsrc/axivdma_v6_0/src -s include  "SHELL=/bin/sh" "COMPILER=arm-xilinx-eabi-gcc" "ARCHIVER=arm-xilinx-eabi-ar" "COMPILER_FLAGS=  -O2 -c" "EXTRA_COMPILER_FLAGS=-g"
Running Make include in ps7_cortexa9_0/libsrc/uartps_v3_1/src
make -C ps7_cortexa9_0/libsrc/uartps_v3_1/src -s include  "SHELL=/bin/sh" "COMPILER=arm-xilinx-eabi-gcc" "ARCHIVER=arm-xilinx-eabi-ar" "COMPILER_FLAGS=  -O2 -c" "EXTRA_COMPILER_FLAGS=-g"
Running Make include in ps7_cortexa9_0/libsrc/spips_v3_0/src
make -C ps7_cortexa9_0/libsrc/spips_v3_0/src -s include  "SHELL=/bin/sh" "COMPILER=arm-xilinx-eabi-gcc" "ARCHIVER=arm-xilinx-eabi-ar" "COMPILER_FLAGS=  -O2 -c" "EXTRA_COMPILER_FLAGS=-g"
Running Make include in ps7_cortexa9_0/libsrc/devcfg_v3_3/src
make -C ps7_cortexa9_0/libsrc/devcfg_v3_3/src -s include  "SHELL=/bin/sh" "COMPILER=arm-xilinx-eabi-gcc" "ARCHIVER=arm-xilinx-eabi-ar" "COMPILER_FLAGS=  -O2 -c" "EXTRA_COMPILER_FLAGS=-g"
Running Make include in ps7_cortexa9_0/libsrc/xadcps_v2_2/src
make -C ps7_cortexa9_0/libsrc/xadcps_v2_2/src -s include  "SHELL=/bin/sh" "COMPILER=arm-xilinx-eabi-gcc" "ARCHIVER=arm-xilinx-eabi-ar" "COMPILER_FLAGS=  -O2 -c" "EXTRA_COMPILER_FLAGS=-g"
Running Make include in ps7_cortexa9_0/libsrc/disparity_pixel_coprocessor_v1_0/src
make -C ps7_cortexa9_0/libsrc/disparity_pixel_coprocessor_v1_0/src -s include  "SHELL=/bin/sh" "COMPILER=arm-xilinx-eabi-gcc" "ARCHIVER=arm-xilinx-eabi-ar" "COMPILER_FLAGS=  -O2 -c" "EXTRA_COMPILER_FLAGS=-g"
Running Make include in ps7_cortexa9_0/libsrc/dmaps_v2_1/src
make -C ps7_cortexa9_0/libsrc/dmaps_v2_1/src -s include  "SHELL=/bin/sh" "COMPILER=arm-xilinx-eabi-gcc" "ARCHIVER=arm-xilinx-eabi-ar" "COMPILER_FLAGS=  -O2 -c" "EXTRA_COMPILER_FLAGS=-g"
Running Make include in ps7_cortexa9_0/libsrc/gpiops_v3_1/src
make -C ps7_cortexa9_0/libsrc/gpiops_v3_1/src -s include  "SHELL=/bin/sh" "COMPILER=arm-xilinx-eabi-gcc" "ARCHIVER=arm-xilinx-eabi-ar" "COMPILER_FLAGS=  -O2 -c" "EXTRA_COMPILER_FLAGS=-g"
Running Make include in ps7_cortexa9_0/libsrc/scuwdt_v2_1/src
make -C ps7_cortexa9_0/libsrc/scuwdt_v2_1/src -s include  "SHELL=/bin/sh" "COMPILER=arm-xilinx-eabi-gcc" "ARCHIVER=arm-xilinx-eabi-ar" "COMPILER_FLAGS=  -O2 -c" "EXTRA_COMPILER_FLAGS=-g"
Running Make include in ps7_cortexa9_0/libsrc/standalone_v5_3/src
make -C ps7_cortexa9_0/libsrc/standalone_v5_3/src -s include  "SHELL=/bin/sh" "COMPILER=arm-xilinx-eabi-gcc" "ARCHIVER=arm-xilinx-eabi-ar" "COMPILER_FLAGS=  -O2 -c" "EXTRA_COMPILER_FLAGS=-g"
Running Make include in ps7_cortexa9_0/libsrc/iic_v3_1/src
make -C ps7_cortexa9_0/libsrc/iic_v3_1/src -s include  "SHELL=/bin/sh" "COMPILER=arm-xilinx-eabi-gcc" "ARCHIVER=arm-xilinx-eabi-ar" "COMPILER_FLAGS=  -O2 -c" "EXTRA_COMPILER_FLAGS=-g"
Running Make include in ps7_cortexa9_0/libsrc/emacps_v3_1/src
make -C ps7_cortexa9_0/libsrc/emacps_v3_1/src -s include  "SHELL=/bin/sh" "COMPILER=arm-xilinx-eabi-gcc" "ARCHIVER=arm-xilinx-eabi-ar" "COMPILER_FLAGS=  -O2 -c" "EXTRA_COMPILER_FLAGS=-g"
Running Make include in ps7_cortexa9_0/libsrc/sdps_v2_6/src
make -C ps7_cortexa9_0/libsrc/sdps_v2_6/src -s include  "SHELL=/bin/sh" "COMPILER=arm-xilinx-eabi-gcc" "ARCHIVER=arm-xilinx-eabi-ar" "COMPILER_FLAGS=  -O2 -c" "EXTRA_COMPILER_FLAGS=-g"
Running Make include in ps7_cortexa9_0/libsrc/scugic_v3_1/src
make -C ps7_cortexa9_0/libsrc/scugic_v3_1/src -s include  "SHELL=/bin/sh" "COMPILER=arm-xilinx-eabi-gcc" "ARCHIVER=arm-xilinx-eabi-ar" "COMPILER_FLAGS=  -O2 -c" "EXTRA_COMPILER_FLAGS=-g"
Running Make include in ps7_cortexa9_0/libsrc/usbps_v2_2/src
make -C ps7_cortexa9_0/libsrc/usbps_v2_2/src -s include  "SHELL=/bin/sh" "COMPILER=arm-xilinx-eabi-gcc" "ARCHIVER=arm-xilinx-eabi-ar" "COMPILER_FLAGS=  -O2 -c" "EXTRA_COMPILER_FLAGS=-g"
Running Make include in ps7_cortexa9_0/libsrc/coresightps_dcc_v1_2/src
make -C ps7_cortexa9_0/libsrc/coresightps_dcc_v1_2/src -s include  "SHELL=/bin/sh" "COMPILER=arm-xilinx-eabi-gcc" "ARCHIVER=arm-xilinx-eabi-ar" "COMPILER_FLAGS=  -O2 -c" "EXTRA_COMPILER_FLAGS=-g"
Running Make include in ps7_cortexa9_0/libsrc/xilffs_v3_1/src
make -C ps7_cortexa9_0/libsrc/xilffs_v3_1/src -s include  "SHELL=/bin/sh" "COMPILER=arm-xilinx-eabi-gcc" "ARCHIVER=arm-xilinx-eabi-ar" "COMPILER_FLAGS=  -O2 -c" "EXTRA_COMPILER_FLAGS=-g"
Running Make include in ps7_cortexa9_0/libsrc/scutimer_v2_1/src
make -C ps7_cortexa9_0/libsrc/scutimer_v2_1/src -s include  "SHELL=/bin/sh" "COMPILER=arm-xilinx-eabi-gcc" "ARCHIVER=arm-xilinx-eabi-ar" "COMPILER_FLAGS=  -O2 -c" "EXTRA_COMPILER_FLAGS=-g"
Running Make include in ps7_cortexa9_0/libsrc/morphological_filter_v1_0/src
make -C ps7_cortexa9_0/libsrc/morphological_filter_v1_0/src -s include  "SHELL=/bin/sh" "COMPILER=arm-xilinx-eabi-gcc" "ARCHIVER=arm-xilinx-eabi-ar" "COMPILER_FLAGS=  -O2 -c" "EXTRA_COMPILER_FLAGS=-g"
Running Make include in ps7_cortexa9_0/libsrc/cpu_cortexa9_v2_1/src
make -C ps7_cortexa9_0/libsrc/cpu_cortexa9_v2_1/src -s include  "SHELL=/bin/sh" "COMPILER=arm-xilinx-eabi-gcc" "ARCHIVER=arm-xilinx-eabi-ar" "COMPILER_FLAGS=  -O2 -c" "EXTRA_COMPILER_FLAGS=-g"
Running Make include in ps7_cortexa9_0/libsrc/qspips_v3_2/src
make -C ps7_cortexa9_0/libsrc/qspips_v3_2/src -s include  "SHELL=/bin/sh" "COMPILER=arm-xilinx-eabi-gcc" "ARCHIVER=arm-xilinx-eabi-ar" "COMPILER_FLAGS=  -O2 -c" "EXTRA_COMPILER_FLAGS=-g"
Running Make libs in ps7_cortexa9_0/libsrc/ddrps_v1_0/src
make -C ps7_cortexa9_0/libsrc/ddrps_v1_0/src -s libs  "SHELL=/bin/sh" "COMPILER=arm-xilinx-eabi-gcc" "ARCHIVER=arm-xilinx-eabi-ar" "COMPILER_FLAGS=  -O2 -c" "EXTRA_COMPILER_FLAGS=-g"
Compiling ddrps
arm-xilinx-eabi-ar: creating ../../../lib/libxil.a
Running Make libs in ps7_cortexa9_0/libsrc/axivdma_v6_0/src
make -C ps7_cortexa9_0/libsrc/axivdma_v6_0/src -s libs  "SHELL=/bin/sh" "COMPILER=arm-xilinx-eabi-gcc" "ARCHIVER=arm-xilinx-eabi-ar" "COMPILER_FLAGS=  -O2 -c" "EXTRA_COMPILER_FLAGS=-g"
Compiling axivdma
Running Make libs in ps7_cortexa9_0/libsrc/uartps_v3_1/src
make -C ps7_cortexa9_0/libsrc/uartps_v3_1/src -s libs  "SHELL=/bin/sh" "COMPILER=arm-xilinx-eabi-gcc" "ARCHIVER=arm-xilinx-eabi-ar" "COMPILER_FLAGS=  -O2 -c" "EXTRA_COMPILER_FLAGS=-g"
Compiling uartps
Running Make libs in ps7_cortexa9_0/libsrc/spips_v3_0/src
make -C ps7_cortexa9_0/libsrc/spips_v3_0/src -s libs  "SHELL=/bin/sh" "COMPILER=arm-xilinx-eabi-gcc" "ARCHIVER=arm-xilinx-eabi-ar" "COMPILER_FLAGS=  -O2 -c" "EXTRA_COMPILER_FLAGS=-g"
Compiling spips
Running Make libs in ps7_cortexa9_0/libsrc/devcfg_v3_3/src
make -C ps7_cortexa9_0/libsrc/devcfg_v3_3/src -s libs  "SHELL=/bin/sh" "COMPILER=arm-xilinx-eabi-gcc" "ARCHIVER=arm-xilinx-eabi-ar" "COMPILER_FLAGS=  -O2 -c" "EXTRA_COMPILER_FLAGS=-g"
Compiling devcfg
Running Make libs in ps7_cortexa9_0/libsrc/xadcps_v2_2/src
make -C ps7_cortexa9_0/libsrc/xadcps_v2_2/src -s libs  "SHELL=/bin/sh" "COMPILER=arm-xilinx-eabi-gcc" "ARCHIVER=arm-xilinx-eabi-ar" "COMPILER_FLAGS=  -O2 -c" "EXTRA_COMPILER_FLAGS=-g"
Compiling xadcps
Running Make libs in ps7_cortexa9_0/libsrc/disparity_pixel_coprocessor_v1_0/src
make -C ps7_cortexa9_0/libsrc/disparity_pixel_coprocessor_v1_0/src -s libs  "SHELL=/bin/sh" "COMPILER=arm-xilinx-eabi-gcc" "ARCHIVER=arm-xilinx-eabi-ar" "COMPILER_FLAGS=  -O2 -c" "EXTRA_COMPILER_FLAGS=-g"
Compiling disparity_pixel_coprocessor
Running Make libs in ps7_cortexa9_0/libsrc/dmaps_v2_1/src
make -C ps7_cortexa9_0/libsrc/dmaps_v2_1/src -s libs  "SHELL=/bin/sh" "COMPILER=arm-xilinx-eabi-gcc" "ARCHIVER=arm-xilinx-eabi-ar" "COMPILER_FLAGS=  -O2 -c" "EXTRA_COMPILER_FLAGS=-g"
Compiling dmaps
Running Make libs in ps7_cortexa9_0/libsrc/gpiops_v3_1/src
make -C ps7_cortexa9_0/libsrc/gpiops_v3_1/src -s libs  "SHELL=/bin/sh" "COMPILER=arm-xilinx-eabi-gcc" "ARCHIVER=arm-xilinx-eabi-ar" "COMPILER_FLAGS=  -O2 -c" "EXTRA_COMPILER_FLAGS=-g"
Compiling gpiops
Running Make libs in ps7_cortexa9_0/libsrc/scuwdt_v2_1/src
make -C ps7_cortexa9_0/libsrc/scuwdt_v2_1/src -s libs  "SHELL=/bin/sh" "COMPILER=arm-xilinx-eabi-gcc" "ARCHIVER=arm-xilinx-eabi-ar" "COMPILER_FLAGS=  -O2 -c" "EXTRA_COMPILER_FLAGS=-g"
Compiling scuwdt
Running Make libs in ps7_cortexa9_0/libsrc/standalone_v5_3/src
make -C ps7_cortexa9_0/libsrc/standalone_v5_3/src -s libs  "SHELL=/bin/sh" "COMPILER=arm-xilinx-eabi-gcc" "ARCHIVER=arm-xilinx-eabi-ar" "COMPILER_FLAGS=  -O2 -c" "EXTRA_COMPILER_FLAGS=-g"
Compiling standalone
Running Make libs in ps7_cortexa9_0/libsrc/iic_v3_1/src
make -C ps7_cortexa9_0/libsrc/iic_v3_1/src -s libs  "SHELL=/bin/sh" "COMPILER=arm-xilinx-eabi-gcc" "ARCHIVER=arm-xilinx-eabi-ar" "COMPILER_FLAGS=  -O2 -c" "EXTRA_COMPILER_FLAGS=-g"
Compiling iic
Running Make libs in ps7_cortexa9_0/libsrc/emacps_v3_1/src
make -C ps7_cortexa9_0/libsrc/emacps_v3_1/src -s libs  "SHELL=/bin/sh" "COMPILER=arm-xilinx-eabi-gcc" "ARCHIVER=arm-xilinx-eabi-ar" "COMPILER_FLAGS=  -O2 -c" "EXTRA_COMPILER_FLAGS=-g"
Compiling emacps
Running Make libs in ps7_cortexa9_0/libsrc/sdps_v2_6/src
make -C ps7_cortexa9_0/libsrc/sdps_v2_6/src -s libs  "SHELL=/bin/sh" "COMPILER=arm-xilinx-eabi-gcc" "ARCHIVER=arm-xilinx-eabi-ar" "COMPILER_FLAGS=  -O2 -c" "EXTRA_COMPILER_FLAGS=-g"
Compiling sdps
Running Make libs in ps7_cortexa9_0/libsrc/scugic_v3_1/src
make -C ps7_cortexa9_0/libsrc/scugic_v3_1/src -s libs  "SHELL=/bin/sh" "COMPILER=arm-xilinx-eabi-gcc" "ARCHIVER=arm-xilinx-eabi-ar" "COMPILER_FLAGS=  -O2 -c" "EXTRA_COMPILER_FLAGS=-g"
Compiling scugic
Running Make libs in ps7_cortexa9_0/libsrc/usbps_v2_2/src
make -C ps7_cortexa9_0/libsrc/usbps_v2_2/src -s libs  "SHELL=/bin/sh" "COMPILER=arm-xilinx-eabi-gcc" "ARCHIVER=arm-xilinx-eabi-ar" "COMPILER_FLAGS=  -O2 -c" "EXTRA_COMPILER_FLAGS=-g"
Compiling usbps
Running Make libs in ps7_cortexa9_0/libsrc/coresightps_dcc_v1_2/src
make -C ps7_cortexa9_0/libsrc/coresightps_dcc_v1_2/src -s libs  "SHELL=/bin/sh" "COMPILER=arm-xilinx-eabi-gcc" "ARCHIVER=arm-xilinx-eabi-ar" "COMPILER_FLAGS=  -O2 -c" "EXTRA_COMPILER_FLAGS=-g"
Compiling coresightps_dcc
Running Make libs in ps7_cortexa9_0/libsrc/xilffs_v3_1/src
make -C ps7_cortexa9_0/libsrc/xilffs_v3_1/src -s libs  "SHELL=/bin/sh" "COMPILER=arm-xilinx-eabi-gcc" "ARCHIVER=arm-xilinx-eabi-ar" "COMPILER_FLAGS=  -O2 -c" "EXTRA_COMPILER_FLAGS=-g"
Compiling XilFFs Library
Running Make libs in ps7_cortexa9_0/libsrc/scutimer_v2_1/src
make -C ps7_cortexa9_0/libsrc/scutimer_v2_1/src -s libs  "SHELL=/bin/sh" "COMPILER=arm-xilinx-eabi-gcc" "ARCHIVER=arm-xilinx-eabi-ar" "COMPILER_FLAGS=  -O2 -c" "EXTRA_COMPILER_FLAGS=-g"
Compiling scutimer
Running Make libs in ps7_cortexa9_0/libsrc/morphological_filter_v1_0/src
make -C ps7_cortexa9_0/libsrc/morphological_filter_v1_0/src -s libs  "SHELL=/bin/sh" "COMPILER=arm-xilinx-eabi-gcc" "ARCHIVER=arm-xilinx-eabi-ar" "COMPILER_FLAGS=  -O2 -c" "EXTRA_COMPILER_FLAGS=-g"
Compiling morphological_filter
Running Make libs in ps7_cortexa9_0/libsrc/cpu_cortexa9_v2_1/src
make -C ps7_cortexa9_0/libsrc/cpu_cortexa9_v2_1/src -s libs  "SHELL=/bin/sh" "COMPILER=arm-xilinx-eabi-gcc" "ARCHIVER=arm-xilinx-eabi-ar" "COMPILER_FLAGS=  -O2 -c" "EXTRA_COMPILER_FLAGS=-g"
Compiling cpu_cortexa9
Running Make libs in ps7_cortexa9_0/libsrc/qspips_v3_2/src
make -C ps7_cortexa9_0/libsrc/qspips_v3_2/src -s libs  "SHELL=/bin/sh" "COMPILER=arm-xilinx-eabi-gcc" "ARCHIVER=arm-xilinx-eabi-ar" "COMPILER_FLAGS=  -O2 -c" "EXTRA_COMPILER_FLAGS=-g"
Compiling qspips
Finished building libraries
20:06:52 **** Auto Build of configuration Debug for project fsbl-disp-coproc ****
make all 
Building file: ../src/fsbl_hooks.c
Invoking: ARM gcc compiler
arm-xilinx-eabi-gcc -Wall -O0 -g3 -I"/home/sefo/devel/dev_boards/zedBoard/self-backed/hdl/projects/adv7511/zed/adv7511_zed.sdk/system_top_hw_platform_0" -c -fmessage-length=0 -MT"src/fsbl_hooks.o" -I../../fsbl-disp-coproc_bsp/ps7_cortexa9_0/include -MMD -MP -MF"src/fsbl_hooks.d" -MT"src/fsbl_hooks.d" -o "src/fsbl_hooks.o" "../src/fsbl_hooks.c"
Finished building: ../src/fsbl_hooks.c
 
Building file: ../src/image_mover.c
Invoking: ARM gcc compiler
arm-xilinx-eabi-gcc -Wall -O0 -g3 -I"/home/sefo/devel/dev_boards/zedBoard/self-backed/hdl/projects/adv7511/zed/adv7511_zed.sdk/system_top_hw_platform_0" -c -fmessage-length=0 -MT"src/image_mover.o" -I../../fsbl-disp-coproc_bsp/ps7_cortexa9_0/include -MMD -MP -MF"src/image_mover.d" -MT"src/image_mover.d" -o "src/image_mover.o" "../src/image_mover.c"
Finished building: ../src/image_mover.c
 
Building file: ../src/main.c
Invoking: ARM gcc compiler
arm-xilinx-eabi-gcc -Wall -O0 -g3 -I"/home/sefo/devel/dev_boards/zedBoard/self-backed/hdl/projects/adv7511/zed/adv7511_zed.sdk/system_top_hw_platform_0" -c -fmessage-length=0 -MT"src/main.o" -I../../fsbl-disp-coproc_bsp/ps7_cortexa9_0/include -MMD -MP -MF"src/main.d" -MT"src/main.d" -o "src/main.o" "../src/main.c"
Finished building: ../src/main.c
 
Building file: ../src/nand.c
Invoking: ARM gcc compiler
arm-xilinx-eabi-gcc -Wall -O0 -g3 -I"/home/sefo/devel/dev_boards/zedBoard/self-backed/hdl/projects/adv7511/zed/adv7511_zed.sdk/system_top_hw_platform_0" -c -fmessage-length=0 -MT"src/nand.o" -I../../fsbl-disp-coproc_bsp/ps7_cortexa9_0/include -MMD -MP -MF"src/nand.d" -MT"src/nand.d" -o "src/nand.o" "../src/nand.c"
Finished building: ../src/nand.c
 
Building file: ../src/nor.c
Invoking: ARM gcc compiler
arm-xilinx-eabi-gcc -Wall -O0 -g3 -I"/home/sefo/devel/dev_boards/zedBoard/self-backed/hdl/projects/adv7511/zed/adv7511_zed.sdk/system_top_hw_platform_0" -c -fmessage-length=0 -MT"src/nor.o" -I../../fsbl-disp-coproc_bsp/ps7_cortexa9_0/include -MMD -MP -MF"src/nor.d" -MT"src/nor.d" -o "src/nor.o" "../src/nor.c"
Finished building: ../src/nor.c
 
Building file: ../src/pcap.c
Invoking: ARM gcc compiler
arm-xilinx-eabi-gcc -Wall -O0 -g3 -I"/home/sefo/devel/dev_boards/zedBoard/self-backed/hdl/projects/adv7511/zed/adv7511_zed.sdk/system_top_hw_platform_0" -c -fmessage-length=0 -MT"src/pcap.o" -I../../fsbl-disp-coproc_bsp/ps7_cortexa9_0/include -MMD -MP -MF"src/pcap.d" -MT"src/pcap.d" -o "src/pcap.o" "../src/pcap.c"
Finished building: ../src/pcap.c
 
Building file: /home/sefo/devel/dev_boards/zedBoard/self-backed/hdl/projects/adv7511/zed/adv7511_zed.sdk/system_top_hw_platform_0/ps7_init.c
Invoking: ARM gcc compiler
arm-xilinx-eabi-gcc -Wall -O0 -g3 -I"/home/sefo/devel/dev_boards/zedBoard/self-backed/hdl/projects/adv7511/zed/adv7511_zed.sdk/system_top_hw_platform_0" -c -fmessage-length=0 -MT"src/ps7_init.o" -I../../fsbl-disp-coproc_bsp/ps7_cortexa9_0/include -MMD -MP -MF"src/ps7_init.d" -MT"src/ps7_init.d" -o "src/ps7_init.o" "/home/sefo/devel/dev_boards/zedBoard/self-backed/hdl/projects/adv7511/zed/adv7511_zed.sdk/system_top_hw_platform_0/ps7_init.c"
Finished building: /home/sefo/devel/dev_boards/zedBoard/self-backed/hdl/projects/adv7511/zed/adv7511_zed.sdk/system_top_hw_platform_0/ps7_init.c
 
Building file: ../src/qspi.c
Invoking: ARM gcc compiler
arm-xilinx-eabi-gcc -Wall -O0 -g3 -I"/home/sefo/devel/dev_boards/zedBoard/self-backed/hdl/projects/adv7511/zed/adv7511_zed.sdk/system_top_hw_platform_0" -c -fmessage-length=0 -MT"src/qspi.o" -I../../fsbl-disp-coproc_bsp/ps7_cortexa9_0/include -MMD -MP -MF"src/qspi.d" -MT"src/qspi.d" -o "src/qspi.o" "../src/qspi.c"
Finished building: ../src/qspi.c
 
Building file: ../src/rsa.c
Invoking: ARM gcc compiler
arm-xilinx-eabi-gcc -Wall -O0 -g3 -I"/home/sefo/devel/dev_boards/zedBoard/self-backed/hdl/projects/adv7511/zed/adv7511_zed.sdk/system_top_hw_platform_0" -c -fmessage-length=0 -MT"src/rsa.o" -I../../fsbl-disp-coproc_bsp/ps7_cortexa9_0/include -MMD -MP -MF"src/rsa.d" -MT"src/rsa.d" -o "src/rsa.o" "../src/rsa.c"
Finished building: ../src/rsa.c
 
Building file: ../src/sd.c
Invoking: ARM gcc compiler
arm-xilinx-eabi-gcc -Wall -O0 -g3 -I"/home/sefo/devel/dev_boards/zedBoard/self-backed/hdl/projects/adv7511/zed/adv7511_zed.sdk/system_top_hw_platform_0" -c -fmessage-length=0 -MT"src/sd.o" -I../../fsbl-disp-coproc_bsp/ps7_cortexa9_0/include -MMD -MP -MF"src/sd.d" -MT"src/sd.d" -o "src/sd.o" "../src/sd.c"
Finished building: ../src/sd.c
 
Building target: fsbl-disp-coproc.elf
Invoking: ARM gcc linker
arm-xilinx-eabi-gcc -L"/home/sefo/devel/dev_boards/zedBoard/self-backed/hdl/projects/adv7511/zed/adv7511_zed.sdk/fsbl-disp-coproc/src" -Wl,-T -Wl,../src/lscript.ld -L../../fsbl-disp-coproc_bsp/ps7_cortexa9_0/lib -o "fsbl-disp-coproc.elf"  ./src/fsbl_handoff.o ./src/fsbl_hooks.o ./src/image_mover.o ./src/main.o ./src/md5.o ./src/nand.o ./src/nor.o ./src/pcap.o ./src/ps7_init.o ./src/qspi.o ./src/rsa.o ./src/sd.o   -lrsa -Wl,--start-group,-lxil,-lgcc,-lc,--end-group -Wl,--start-group,-lxilffs,-lxil,-lgcc,-lc,--end-group -Wl,--start-group,-lrsa,-lxil,-lgcc,-lc,--end-group
Finished building target: fsbl-disp-coproc.elf
 
Invoking: ARM Print Size
arm-xilinx-eabi-size fsbl-disp-coproc.elf  |tee "fsbl-disp-coproc.elf.size"
   text	   data	    bss	    dec	    hex	filename
  77120	  11860	  74308	 163288	  27dd8	fsbl-disp-coproc.elf
Finished building: fsbl-disp-coproc.elf.size
 
20:06:25 **** Auto Build of configuration Debug for project fsbl-disp-coproc ****
make all 
Building file: ../src/fsbl_hooks.c
Invoking: ARM gcc compiler
arm-xilinx-eabi-gcc -Wall -O0 -g3 -I"/home/sefo/devel/dev_boards/zedBoard/self-backed/hdl/projects/adv7511/zed/adv7511_zed.sdk/system_top_hw_platform_0" -c -fmessage-length=0 -MT"src/fsbl_hooks.o" -I../../fsbl-disp-coproc_bsp/ps7_cortexa9_0/include -MMD -MP -MF"src/fsbl_hooks.d" -MT"src/fsbl_hooks.d" -o "src/fsbl_hooks.o" "../src/fsbl_hooks.c"
Finished building: ../src/fsbl_hooks.c
 
Building file: ../src/image_mover.c
Invoking: ARM gcc compiler
arm-xilinx-eabi-gcc -Wall -O0 -g3 -I"/home/sefo/devel/dev_boards/zedBoard/self-backed/hdl/projects/adv7511/zed/adv7511_zed.sdk/system_top_hw_platform_0" -c -fmessage-length=0 -MT"src/image_mover.o" -I../../fsbl-disp-coproc_bsp/ps7_cortexa9_0/include -MMD -MP -MF"src/image_mover.d" -MT"src/image_mover.d" -o "src/image_mover.o" "../src/image_mover.c"
Finished building: ../src/image_mover.c
 
Building file: ../src/main.c
Invoking: ARM gcc compiler
arm-xilinx-eabi-gcc -Wall -O0 -g3 -I"/home/sefo/devel/dev_boards/zedBoard/self-backed/hdl/projects/adv7511/zed/adv7511_zed.sdk/system_top_hw_platform_0" -c -fmessage-length=0 -MT"src/main.o" -I../../fsbl-disp-coproc_bsp/ps7_cortexa9_0/include -MMD -MP -MF"src/main.d" -MT"src/main.d" -o "src/main.o" "../src/main.c"
Finished building: ../src/main.c
 
Building file: ../src/nand.c
Invoking: ARM gcc compiler
arm-xilinx-eabi-gcc -Wall -O0 -g3 -I"/home/sefo/devel/dev_boards/zedBoard/self-backed/hdl/projects/adv7511/zed/adv7511_zed.sdk/system_top_hw_platform_0" -c -fmessage-length=0 -MT"src/nand.o" -I../../fsbl-disp-coproc_bsp/ps7_cortexa9_0/include -MMD -MP -MF"src/nand.d" -MT"src/nand.d" -o "src/nand.o" "../src/nand.c"
Finished building: ../src/nand.c
 
Building file: ../src/nor.c
Invoking: ARM gcc compiler
arm-xilinx-eabi-gcc -Wall -O0 -g3 -I"/home/sefo/devel/dev_boards/zedBoard/self-backed/hdl/projects/adv7511/zed/adv7511_zed.sdk/system_top_hw_platform_0" -c -fmessage-length=0 -MT"src/nor.o" -I../../fsbl-disp-coproc_bsp/ps7_cortexa9_0/include -MMD -MP -MF"src/nor.d" -MT"src/nor.d" -o "src/nor.o" "../src/nor.c"
Finished building: ../src/nor.c
 
Building file: ../src/pcap.c
Invoking: ARM gcc compiler
arm-xilinx-eabi-gcc -Wall -O0 -g3 -I"/home/sefo/devel/dev_boards/zedBoard/self-backed/hdl/projects/adv7511/zed/adv7511_zed.sdk/system_top_hw_platform_0" -c -fmessage-length=0 -MT"src/pcap.o" -I../../fsbl-disp-coproc_bsp/ps7_cortexa9_0/include -MMD -MP -MF"src/pcap.d" -MT"src/pcap.d" -o "src/pcap.o" "../src/pcap.c"
Finished building: ../src/pcap.c
 
Building file: /home/sefo/devel/dev_boards/zedBoard/self-backed/hdl/projects/adv7511/zed/adv7511_zed.sdk/system_top_hw_platform_0/ps7_init.c
Invoking: ARM gcc compiler
arm-xilinx-eabi-gcc -Wall -O0 -g3 -I"/home/sefo/devel/dev_boards/zedBoard/self-backed/hdl/projects/adv7511/zed/adv7511_zed.sdk/system_top_hw_platform_0" -c -fmessage-length=0 -MT"src/ps7_init.o" -I../../fsbl-disp-coproc_bsp/ps7_cortexa9_0/include -MMD -MP -MF"src/ps7_init.d" -MT"src/ps7_init.d" -o "src/ps7_init.o" "/home/sefo/devel/dev_boards/zedBoard/self-backed/hdl/projects/adv7511/zed/adv7511_zed.sdk/system_top_hw_platform_0/ps7_init.c"
Finished building: /home/sefo/devel/dev_boards/zedBoard/self-backed/hdl/projects/adv7511/zed/adv7511_zed.sdk/system_top_hw_platform_0/ps7_init.c
 
Building file: ../src/qspi.c
Invoking: ARM gcc compiler
arm-xilinx-eabi-gcc -Wall -O0 -g3 -I"/home/sefo/devel/dev_boards/zedBoard/self-backed/hdl/projects/adv7511/zed/adv7511_zed.sdk/system_top_hw_platform_0" -c -fmessage-length=0 -MT"src/qspi.o" -I../../fsbl-disp-coproc_bsp/ps7_cortexa9_0/include -MMD -MP -MF"src/qspi.d" -MT"src/qspi.d" -o "src/qspi.o" "../src/qspi.c"
Finished building: ../src/qspi.c
 
Building file: ../src/rsa.c
Invoking: ARM gcc compiler
arm-xilinx-eabi-gcc -Wall -O0 -g3 -I"/home/sefo/devel/dev_boards/zedBoard/self-backed/hdl/projects/adv7511/zed/adv7511_zed.sdk/system_top_hw_platform_0" -c -fmessage-length=0 -MT"src/rsa.o" -I../../fsbl-disp-coproc_bsp/ps7_cortexa9_0/include -MMD -MP -MF"src/rsa.d" -MT"src/rsa.d" -o "src/rsa.o" "../src/rsa.c"
Finished building: ../src/rsa.c
 
Building file: ../src/sd.c
Invoking: ARM gcc compiler
arm-xilinx-eabi-gcc -Wall -O0 -g3 -I"/home/sefo/devel/dev_boards/zedBoard/self-backed/hdl/projects/adv7511/zed/adv7511_zed.sdk/system_top_hw_platform_0" -c -fmessage-length=0 -MT"src/sd.o" -I../../fsbl-disp-coproc_bsp/ps7_cortexa9_0/include -MMD -MP -MF"src/sd.d" -MT"src/sd.d" -o "src/sd.o" "../src/sd.c"
Finished building: ../src/sd.c
 
Building target: fsbl-disp-coproc.elf
Invoking: ARM gcc linker
arm-xilinx-eabi-gcc -L"/home/sefo/devel/dev_boards/zedBoard/self-backed/hdl/projects/adv7511/zed/adv7511_zed.sdk/fsbl-disp-coproc/src" -Wl,-T -Wl,../src/lscript.ld -L../../fsbl-disp-coproc_bsp/ps7_cortexa9_0/lib -o "fsbl-disp-coproc.elf"  ./src/fsbl_handoff.o ./src/fsbl_hooks.o ./src/image_mover.o ./src/main.o ./src/md5.o ./src/nand.o ./src/nor.o ./src/pcap.o ./src/ps7_init.o ./src/qspi.o ./src/rsa.o ./src/sd.o   -lrsa -Wl,--start-group,-lxil,-lgcc,-lc,--end-group -Wl,--start-group,-lxilffs,-lxil,-lgcc,-lc,--end-group -Wl,--start-group,-lrsa,-lxil,-lgcc,-lc,--end-group
Finished building target: fsbl-disp-coproc.elf
 
Invoking: ARM Print Size
arm-xilinx-eabi-size fsbl-disp-coproc.elf  |tee "fsbl-disp-coproc.elf.size"
   text	   data	    bss	    dec	    hex	filename
  77120	  11860	  74308	 163288	  27dd8	fsbl-disp-coproc.elf
Finished building: fsbl-disp-coproc.elf.size
 
20:07:38 **** Auto Build of configuration Debug for project fsbl-disp-coproc ****
make all 
make: Für das Ziel „all“ ist nichts zu tun.
21:43:06 **** Auto Build of configuration Debug for project fsbl-disp-coproc ****
make all 
Building file: ../src/fsbl_hooks.c
Invoking: ARM gcc compiler
arm-xilinx-eabi-gcc -Wall -O0 -g3 -I"/home/sefo/devel/dev_boards/zedBoard/self-backed/hdl/projects/adv7511/zed/adv7511_zed.sdk/system_top_hw_platform_0" -c -fmessage-length=0 -MT"src/fsbl_hooks.o" -I../../fsbl-disp-coproc_bsp/ps7_cortexa9_0/include -MMD -MP -MF"src/fsbl_hooks.d" -MT"src/fsbl_hooks.d" -o "src/fsbl_hooks.o" "../src/fsbl_hooks.c"
Finished building: ../src/fsbl_hooks.c
 
Building file: ../src/image_mover.c
Invoking: ARM gcc compiler
arm-xilinx-eabi-gcc -Wall -O0 -g3 -I"/home/sefo/devel/dev_boards/zedBoard/self-backed/hdl/projects/adv7511/zed/adv7511_zed.sdk/system_top_hw_platform_0" -c -fmessage-length=0 -MT"src/image_mover.o" -I../../fsbl-disp-coproc_bsp/ps7_cortexa9_0/include -MMD -MP -MF"src/image_mover.d" -MT"src/image_mover.d" -o "src/image_mover.o" "../src/image_mover.c"
Finished building: ../src/image_mover.c
 
Building file: ../src/main.c
Invoking: ARM gcc compiler
arm-xilinx-eabi-gcc -Wall -O0 -g3 -I"/home/sefo/devel/dev_boards/zedBoard/self-backed/hdl/projects/adv7511/zed/adv7511_zed.sdk/system_top_hw_platform_0" -c -fmessage-length=0 -MT"src/main.o" -I../../fsbl-disp-coproc_bsp/ps7_cortexa9_0/include -MMD -MP -MF"src/main.d" -MT"src/main.d" -o "src/main.o" "../src/main.c"
Finished building: ../src/main.c
 
Building file: ../src/nand.c
Invoking: ARM gcc compiler
arm-xilinx-eabi-gcc -Wall -O0 -g3 -I"/home/sefo/devel/dev_boards/zedBoard/self-backed/hdl/projects/adv7511/zed/adv7511_zed.sdk/system_top_hw_platform_0" -c -fmessage-length=0 -MT"src/nand.o" -I../../fsbl-disp-coproc_bsp/ps7_cortexa9_0/include -MMD -MP -MF"src/nand.d" -MT"src/nand.d" -o "src/nand.o" "../src/nand.c"
Finished building: ../src/nand.c
 
Building file: ../src/nor.c
Invoking: ARM gcc compiler
arm-xilinx-eabi-gcc -Wall -O0 -g3 -I"/home/sefo/devel/dev_boards/zedBoard/self-backed/hdl/projects/adv7511/zed/adv7511_zed.sdk/system_top_hw_platform_0" -c -fmessage-length=0 -MT"src/nor.o" -I../../fsbl-disp-coproc_bsp/ps7_cortexa9_0/include -MMD -MP -MF"src/nor.d" -MT"src/nor.d" -o "src/nor.o" "../src/nor.c"
Finished building: ../src/nor.c
 
Building file: ../src/pcap.c
Invoking: ARM gcc compiler
arm-xilinx-eabi-gcc -Wall -O0 -g3 -I"/home/sefo/devel/dev_boards/zedBoard/self-backed/hdl/projects/adv7511/zed/adv7511_zed.sdk/system_top_hw_platform_0" -c -fmessage-length=0 -MT"src/pcap.o" -I../../fsbl-disp-coproc_bsp/ps7_cortexa9_0/include -MMD -MP -MF"src/pcap.d" -MT"src/pcap.d" -o "src/pcap.o" "../src/pcap.c"
Finished building: ../src/pcap.c
 
Building file: /home/sefo/devel/dev_boards/zedBoard/self-backed/hdl/projects/adv7511/zed/adv7511_zed.sdk/system_top_hw_platform_0/ps7_init.c
Invoking: ARM gcc compiler
arm-xilinx-eabi-gcc -Wall -O0 -g3 -I"/home/sefo/devel/dev_boards/zedBoard/self-backed/hdl/projects/adv7511/zed/adv7511_zed.sdk/system_top_hw_platform_0" -c -fmessage-length=0 -MT"src/ps7_init.o" -I../../fsbl-disp-coproc_bsp/ps7_cortexa9_0/include -MMD -MP -MF"src/ps7_init.d" -MT"src/ps7_init.d" -o "src/ps7_init.o" "/home/sefo/devel/dev_boards/zedBoard/self-backed/hdl/projects/adv7511/zed/adv7511_zed.sdk/system_top_hw_platform_0/ps7_init.c"
Finished building: /home/sefo/devel/dev_boards/zedBoard/self-backed/hdl/projects/adv7511/zed/adv7511_zed.sdk/system_top_hw_platform_0/ps7_init.c
 
Building file: ../src/qspi.c
Invoking: ARM gcc compiler
arm-xilinx-eabi-gcc -Wall -O0 -g3 -I"/home/sefo/devel/dev_boards/zedBoard/self-backed/hdl/projects/adv7511/zed/adv7511_zed.sdk/system_top_hw_platform_0" -c -fmessage-length=0 -MT"src/qspi.o" -I../../fsbl-disp-coproc_bsp/ps7_cortexa9_0/include -MMD -MP -MF"src/qspi.d" -MT"src/qspi.d" -o "src/qspi.o" "../src/qspi.c"
Finished building: ../src/qspi.c
 
Building file: ../src/rsa.c
Invoking: ARM gcc compiler
arm-xilinx-eabi-gcc -Wall -O0 -g3 -I"/home/sefo/devel/dev_boards/zedBoard/self-backed/hdl/projects/adv7511/zed/adv7511_zed.sdk/system_top_hw_platform_0" -c -fmessage-length=0 -MT"src/rsa.o" -I../../fsbl-disp-coproc_bsp/ps7_cortexa9_0/include -MMD -MP -MF"src/rsa.d" -MT"src/rsa.d" -o "src/rsa.o" "../src/rsa.c"
Finished building: ../src/rsa.c
 
Building file: ../src/sd.c
Invoking: ARM gcc compiler
arm-xilinx-eabi-gcc -Wall -O0 -g3 -I"/home/sefo/devel/dev_boards/zedBoard/self-backed/hdl/projects/adv7511/zed/adv7511_zed.sdk/system_top_hw_platform_0" -c -fmessage-length=0 -MT"src/sd.o" -I../../fsbl-disp-coproc_bsp/ps7_cortexa9_0/include -MMD -MP -MF"src/sd.d" -MT"src/sd.d" -o "src/sd.o" "../src/sd.c"
Finished building: ../src/sd.c
 
Building target: fsbl-disp-coproc.elf
Invoking: ARM gcc linker
arm-xilinx-eabi-gcc -L"/home/sefo/devel/dev_boards/zedBoard/self-backed/hdl/projects/adv7511/zed/adv7511_zed.sdk/fsbl-disp-coproc/src" -Wl,-T -Wl,../src/lscript.ld -L../../fsbl-disp-coproc_bsp/ps7_cortexa9_0/lib -o "fsbl-disp-coproc.elf"  ./src/fsbl_handoff.o ./src/fsbl_hooks.o ./src/image_mover.o ./src/main.o ./src/md5.o ./src/nand.o ./src/nor.o ./src/pcap.o ./src/ps7_init.o ./src/qspi.o ./src/rsa.o ./src/sd.o   -lrsa -Wl,--start-group,-lxil,-lgcc,-lc,--end-group -Wl,--start-group,-lxilffs,-lxil,-lgcc,-lc,--end-group -Wl,--start-group,-lrsa,-lxil,-lgcc,-lc,--end-group
Finished building target: fsbl-disp-coproc.elf
 
Invoking: ARM Print Size
arm-xilinx-eabi-size fsbl-disp-coproc.elf  |tee "fsbl-disp-coproc.elf.size"
   text	   data	    bss	    dec	    hex	filename
  77120	  11860	  74308	 163288	  27dd8	fsbl-disp-coproc.elf
Finished building: fsbl-disp-coproc.elf.size
 
21:43:45 **** Auto Build of configuration Debug for project fsbl-disp-coproc ****
make all 
make: Für das Ziel „all“ ist nichts zu tun.
13:09:28 **** Auto Build of configuration Debug for project fsbl-disp-coproc ****
make all 
Building file: ../src/fsbl_hooks.c
Invoking: ARM gcc compiler
arm-xilinx-eabi-gcc -Wall -O0 -g3 -I"/home/sefo/devel/dev_boards/zedBoard/self-backed/hdl/projects/adv7511/zed/adv7511_zed.sdk/system_top_hw_platform_0" -c -fmessage-length=0 -MT"src/fsbl_hooks.o" -I../../fsbl-disp-coproc_bsp/ps7_cortexa9_0/include -MMD -MP -MF"src/fsbl_hooks.d" -MT"src/fsbl_hooks.d" -o "src/fsbl_hooks.o" "../src/fsbl_hooks.c"
Finished building: ../src/fsbl_hooks.c
 
Building file: ../src/image_mover.c
Invoking: ARM gcc compiler
arm-xilinx-eabi-gcc -Wall -O0 -g3 -I"/home/sefo/devel/dev_boards/zedBoard/self-backed/hdl/projects/adv7511/zed/adv7511_zed.sdk/system_top_hw_platform_0" -c -fmessage-length=0 -MT"src/image_mover.o" -I../../fsbl-disp-coproc_bsp/ps7_cortexa9_0/include -MMD -MP -MF"src/image_mover.d" -MT"src/image_mover.d" -o "src/image_mover.o" "../src/image_mover.c"
Finished building: ../src/image_mover.c
 
Building file: ../src/main.c
Invoking: ARM gcc compiler
arm-xilinx-eabi-gcc -Wall -O0 -g3 -I"/home/sefo/devel/dev_boards/zedBoard/self-backed/hdl/projects/adv7511/zed/adv7511_zed.sdk/system_top_hw_platform_0" -c -fmessage-length=0 -MT"src/main.o" -I../../fsbl-disp-coproc_bsp/ps7_cortexa9_0/include -MMD -MP -MF"src/main.d" -MT"src/main.d" -o "src/main.o" "../src/main.c"
Finished building: ../src/main.c
 
Building file: ../src/nand.c
Invoking: ARM gcc compiler
arm-xilinx-eabi-gcc -Wall -O0 -g3 -I"/home/sefo/devel/dev_boards/zedBoard/self-backed/hdl/projects/adv7511/zed/adv7511_zed.sdk/system_top_hw_platform_0" -c -fmessage-length=0 -MT"src/nand.o" -I../../fsbl-disp-coproc_bsp/ps7_cortexa9_0/include -MMD -MP -MF"src/nand.d" -MT"src/nand.d" -o "src/nand.o" "../src/nand.c"
Finished building: ../src/nand.c
 
Building file: ../src/nor.c
Invoking: ARM gcc compiler
arm-xilinx-eabi-gcc -Wall -O0 -g3 -I"/home/sefo/devel/dev_boards/zedBoard/self-backed/hdl/projects/adv7511/zed/adv7511_zed.sdk/system_top_hw_platform_0" -c -fmessage-length=0 -MT"src/nor.o" -I../../fsbl-disp-coproc_bsp/ps7_cortexa9_0/include -MMD -MP -MF"src/nor.d" -MT"src/nor.d" -o "src/nor.o" "../src/nor.c"
Finished building: ../src/nor.c
 
Building file: ../src/pcap.c
Invoking: ARM gcc compiler
arm-xilinx-eabi-gcc -Wall -O0 -g3 -I"/home/sefo/devel/dev_boards/zedBoard/self-backed/hdl/projects/adv7511/zed/adv7511_zed.sdk/system_top_hw_platform_0" -c -fmessage-length=0 -MT"src/pcap.o" -I../../fsbl-disp-coproc_bsp/ps7_cortexa9_0/include -MMD -MP -MF"src/pcap.d" -MT"src/pcap.d" -o "src/pcap.o" "../src/pcap.c"
Finished building: ../src/pcap.c
 
Building file: /home/sefo/devel/dev_boards/zedBoard/self-backed/hdl/projects/adv7511/zed/adv7511_zed.sdk/system_top_hw_platform_0/ps7_init.c
Invoking: ARM gcc compiler
arm-xilinx-eabi-gcc -Wall -O0 -g3 -I"/home/sefo/devel/dev_boards/zedBoard/self-backed/hdl/projects/adv7511/zed/adv7511_zed.sdk/system_top_hw_platform_0" -c -fmessage-length=0 -MT"src/ps7_init.o" -I../../fsbl-disp-coproc_bsp/ps7_cortexa9_0/include -MMD -MP -MF"src/ps7_init.d" -MT"src/ps7_init.d" -o "src/ps7_init.o" "/home/sefo/devel/dev_boards/zedBoard/self-backed/hdl/projects/adv7511/zed/adv7511_zed.sdk/system_top_hw_platform_0/ps7_init.c"
Finished building: /home/sefo/devel/dev_boards/zedBoard/self-backed/hdl/projects/adv7511/zed/adv7511_zed.sdk/system_top_hw_platform_0/ps7_init.c
 
Building file: ../src/qspi.c
Invoking: ARM gcc compiler
arm-xilinx-eabi-gcc -Wall -O0 -g3 -I"/home/sefo/devel/dev_boards/zedBoard/self-backed/hdl/projects/adv7511/zed/adv7511_zed.sdk/system_top_hw_platform_0" -c -fmessage-length=0 -MT"src/qspi.o" -I../../fsbl-disp-coproc_bsp/ps7_cortexa9_0/include -MMD -MP -MF"src/qspi.d" -MT"src/qspi.d" -o "src/qspi.o" "../src/qspi.c"
Finished building: ../src/qspi.c
 
Building file: ../src/rsa.c
Invoking: ARM gcc compiler
arm-xilinx-eabi-gcc -Wall -O0 -g3 -I"/home/sefo/devel/dev_boards/zedBoard/self-backed/hdl/projects/adv7511/zed/adv7511_zed.sdk/system_top_hw_platform_0" -c -fmessage-length=0 -MT"src/rsa.o" -I../../fsbl-disp-coproc_bsp/ps7_cortexa9_0/include -MMD -MP -MF"src/rsa.d" -MT"src/rsa.d" -o "src/rsa.o" "../src/rsa.c"
Finished building: ../src/rsa.c
 
Building file: ../src/sd.c
Invoking: ARM gcc compiler
arm-xilinx-eabi-gcc -Wall -O0 -g3 -I"/home/sefo/devel/dev_boards/zedBoard/self-backed/hdl/projects/adv7511/zed/adv7511_zed.sdk/system_top_hw_platform_0" -c -fmessage-length=0 -MT"src/sd.o" -I../../fsbl-disp-coproc_bsp/ps7_cortexa9_0/include -MMD -MP -MF"src/sd.d" -MT"src/sd.d" -o "src/sd.o" "../src/sd.c"
Finished building: ../src/sd.c
 
Building target: fsbl-disp-coproc.elf
Invoking: ARM gcc linker
arm-xilinx-eabi-gcc -L"/home/sefo/devel/dev_boards/zedBoard/self-backed/hdl/projects/adv7511/zed/adv7511_zed.sdk/fsbl-disp-coproc/src" -Wl,-T -Wl,../src/lscript.ld -L../../fsbl-disp-coproc_bsp/ps7_cortexa9_0/lib -o "fsbl-disp-coproc.elf"  ./src/fsbl_handoff.o ./src/fsbl_hooks.o ./src/image_mover.o ./src/main.o ./src/md5.o ./src/nand.o ./src/nor.o ./src/pcap.o ./src/ps7_init.o ./src/qspi.o ./src/rsa.o ./src/sd.o   -lrsa -Wl,--start-group,-lxil,-lgcc,-lc,--end-group -Wl,--start-group,-lxilffs,-lxil,-lgcc,-lc,--end-group -Wl,--start-group,-lrsa,-lxil,-lgcc,-lc,--end-group
Finished building target: fsbl-disp-coproc.elf
 
Invoking: ARM Print Size
arm-xilinx-eabi-size fsbl-disp-coproc.elf  |tee "fsbl-disp-coproc.elf.size"
   text	   data	    bss	    dec	    hex	filename
  77120	  11860	  74308	 163288	  27dd8	fsbl-disp-coproc.elf
Finished building: fsbl-disp-coproc.elf.size
 
13:10:45 **** Auto Build of configuration Debug for project fsbl-disp-coproc ****
make all 
make: Für das Ziel „all“ ist nichts zu tun.
14:16:57 **** Auto Build of configuration Debug for project fsbl-disp-coproc ****
make all 
Building file: ../src/fsbl_hooks.c
Invoking: ARM gcc compiler
arm-xilinx-eabi-gcc -Wall -O0 -g3 -I"/home/sefo/devel/dev_boards/zedBoard/self-backed/hdl/projects/adv7511/zed/adv7511_zed.sdk/system_top_hw_platform_0" -c -fmessage-length=0 -MT"src/fsbl_hooks.o" -I../../fsbl-disp-coproc_bsp/ps7_cortexa9_0/include -MMD -MP -MF"src/fsbl_hooks.d" -MT"src/fsbl_hooks.d" -o "src/fsbl_hooks.o" "../src/fsbl_hooks.c"
Finished building: ../src/fsbl_hooks.c
 
Building file: ../src/image_mover.c
Invoking: ARM gcc compiler
arm-xilinx-eabi-gcc -Wall -O0 -g3 -I"/home/sefo/devel/dev_boards/zedBoard/self-backed/hdl/projects/adv7511/zed/adv7511_zed.sdk/system_top_hw_platform_0" -c -fmessage-length=0 -MT"src/image_mover.o" -I../../fsbl-disp-coproc_bsp/ps7_cortexa9_0/include -MMD -MP -MF"src/image_mover.d" -MT"src/image_mover.d" -o "src/image_mover.o" "../src/image_mover.c"
Finished building: ../src/image_mover.c
 
Building file: ../src/main.c
Invoking: ARM gcc compiler
arm-xilinx-eabi-gcc -Wall -O0 -g3 -I"/home/sefo/devel/dev_boards/zedBoard/self-backed/hdl/projects/adv7511/zed/adv7511_zed.sdk/system_top_hw_platform_0" -c -fmessage-length=0 -MT"src/main.o" -I../../fsbl-disp-coproc_bsp/ps7_cortexa9_0/include -MMD -MP -MF"src/main.d" -MT"src/main.d" -o "src/main.o" "../src/main.c"
Finished building: ../src/main.c
 
Building file: ../src/nand.c
Invoking: ARM gcc compiler
arm-xilinx-eabi-gcc -Wall -O0 -g3 -I"/home/sefo/devel/dev_boards/zedBoard/self-backed/hdl/projects/adv7511/zed/adv7511_zed.sdk/system_top_hw_platform_0" -c -fmessage-length=0 -MT"src/nand.o" -I../../fsbl-disp-coproc_bsp/ps7_cortexa9_0/include -MMD -MP -MF"src/nand.d" -MT"src/nand.d" -o "src/nand.o" "../src/nand.c"
Finished building: ../src/nand.c
 
Building file: ../src/nor.c
Invoking: ARM gcc compiler
arm-xilinx-eabi-gcc -Wall -O0 -g3 -I"/home/sefo/devel/dev_boards/zedBoard/self-backed/hdl/projects/adv7511/zed/adv7511_zed.sdk/system_top_hw_platform_0" -c -fmessage-length=0 -MT"src/nor.o" -I../../fsbl-disp-coproc_bsp/ps7_cortexa9_0/include -MMD -MP -MF"src/nor.d" -MT"src/nor.d" -o "src/nor.o" "../src/nor.c"
Finished building: ../src/nor.c
 
Building file: ../src/pcap.c
Invoking: ARM gcc compiler
arm-xilinx-eabi-gcc -Wall -O0 -g3 -I"/home/sefo/devel/dev_boards/zedBoard/self-backed/hdl/projects/adv7511/zed/adv7511_zed.sdk/system_top_hw_platform_0" -c -fmessage-length=0 -MT"src/pcap.o" -I../../fsbl-disp-coproc_bsp/ps7_cortexa9_0/include -MMD -MP -MF"src/pcap.d" -MT"src/pcap.d" -o "src/pcap.o" "../src/pcap.c"
Finished building: ../src/pcap.c
 
Building file: /home/sefo/devel/dev_boards/zedBoard/self-backed/hdl/projects/adv7511/zed/adv7511_zed.sdk/system_top_hw_platform_0/ps7_init.c
Invoking: ARM gcc compiler
arm-xilinx-eabi-gcc -Wall -O0 -g3 -I"/home/sefo/devel/dev_boards/zedBoard/self-backed/hdl/projects/adv7511/zed/adv7511_zed.sdk/system_top_hw_platform_0" -c -fmessage-length=0 -MT"src/ps7_init.o" -I../../fsbl-disp-coproc_bsp/ps7_cortexa9_0/include -MMD -MP -MF"src/ps7_init.d" -MT"src/ps7_init.d" -o "src/ps7_init.o" "/home/sefo/devel/dev_boards/zedBoard/self-backed/hdl/projects/adv7511/zed/adv7511_zed.sdk/system_top_hw_platform_0/ps7_init.c"
Finished building: /home/sefo/devel/dev_boards/zedBoard/self-backed/hdl/projects/adv7511/zed/adv7511_zed.sdk/system_top_hw_platform_0/ps7_init.c
 
Building file: ../src/qspi.c
Invoking: ARM gcc compiler
arm-xilinx-eabi-gcc -Wall -O0 -g3 -I"/home/sefo/devel/dev_boards/zedBoard/self-backed/hdl/projects/adv7511/zed/adv7511_zed.sdk/system_top_hw_platform_0" -c -fmessage-length=0 -MT"src/qspi.o" -I../../fsbl-disp-coproc_bsp/ps7_cortexa9_0/include -MMD -MP -MF"src/qspi.d" -MT"src/qspi.d" -o "src/qspi.o" "../src/qspi.c"
Finished building: ../src/qspi.c
 
Building file: ../src/rsa.c
Invoking: ARM gcc compiler
arm-xilinx-eabi-gcc -Wall -O0 -g3 -I"/home/sefo/devel/dev_boards/zedBoard/self-backed/hdl/projects/adv7511/zed/adv7511_zed.sdk/system_top_hw_platform_0" -c -fmessage-length=0 -MT"src/rsa.o" -I../../fsbl-disp-coproc_bsp/ps7_cortexa9_0/include -MMD -MP -MF"src/rsa.d" -MT"src/rsa.d" -o "src/rsa.o" "../src/rsa.c"
Finished building: ../src/rsa.c
 
Building file: ../src/sd.c
Invoking: ARM gcc compiler
arm-xilinx-eabi-gcc -Wall -O0 -g3 -I"/home/sefo/devel/dev_boards/zedBoard/self-backed/hdl/projects/adv7511/zed/adv7511_zed.sdk/system_top_hw_platform_0" -c -fmessage-length=0 -MT"src/sd.o" -I../../fsbl-disp-coproc_bsp/ps7_cortexa9_0/include -MMD -MP -MF"src/sd.d" -MT"src/sd.d" -o "src/sd.o" "../src/sd.c"
Finished building: ../src/sd.c
 
Building target: fsbl-disp-coproc.elf
Invoking: ARM gcc linker
arm-xilinx-eabi-gcc -L"/home/sefo/devel/dev_boards/zedBoard/self-backed/hdl/projects/adv7511/zed/adv7511_zed.sdk/fsbl-disp-coproc/src" -Wl,-T -Wl,../src/lscript.ld -L../../fsbl-disp-coproc_bsp/ps7_cortexa9_0/lib -o "fsbl-disp-coproc.elf"  ./src/fsbl_handoff.o ./src/fsbl_hooks.o ./src/image_mover.o ./src/main.o ./src/md5.o ./src/nand.o ./src/nor.o ./src/pcap.o ./src/ps7_init.o ./src/qspi.o ./src/rsa.o ./src/sd.o   -lrsa -Wl,--start-group,-lxil,-lgcc,-lc,--end-group -Wl,--start-group,-lxilffs,-lxil,-lgcc,-lc,--end-group -Wl,--start-group,-lrsa,-lxil,-lgcc,-lc,--end-group
Finished building target: fsbl-disp-coproc.elf
 
Invoking: ARM Print Size
arm-xilinx-eabi-size fsbl-disp-coproc.elf  |tee "fsbl-disp-coproc.elf.size"
   text	   data	    bss	    dec	    hex	filename
  77120	  11860	  74308	 163288	  27dd8	fsbl-disp-coproc.elf
Finished building: fsbl-disp-coproc.elf.size
 
14:17:27 **** Auto Build of configuration Debug for project fsbl-disp-coproc ****
make all 
make: Für das Ziel „all“ ist nichts zu tun.
16:14:33 **** Auto Build of configuration Debug for project fsbl-disp-coproc ****
make all 
Building file: ../src/fsbl_hooks.c
Invoking: ARM gcc compiler
arm-xilinx-eabi-gcc -Wall -O0 -g3 -I"/home/sefo/devel/dev_boards/zedBoard/self-backed/hdl/projects/adv7511/zed/adv7511_zed.sdk/system_top_hw_platform_0" -c -fmessage-length=0 -MT"src/fsbl_hooks.o" -I../../fsbl-disp-coproc_bsp/ps7_cortexa9_0/include -MMD -MP -MF"src/fsbl_hooks.d" -MT"src/fsbl_hooks.d" -o "src/fsbl_hooks.o" "../src/fsbl_hooks.c"
Finished building: ../src/fsbl_hooks.c
 
Building file: ../src/image_mover.c
Invoking: ARM gcc compiler
arm-xilinx-eabi-gcc -Wall -O0 -g3 -I"/home/sefo/devel/dev_boards/zedBoard/self-backed/hdl/projects/adv7511/zed/adv7511_zed.sdk/system_top_hw_platform_0" -c -fmessage-length=0 -MT"src/image_mover.o" -I../../fsbl-disp-coproc_bsp/ps7_cortexa9_0/include -MMD -MP -MF"src/image_mover.d" -MT"src/image_mover.d" -o "src/image_mover.o" "../src/image_mover.c"
Finished building: ../src/image_mover.c
 
Building file: ../src/main.c
Invoking: ARM gcc compiler
arm-xilinx-eabi-gcc -Wall -O0 -g3 -I"/home/sefo/devel/dev_boards/zedBoard/self-backed/hdl/projects/adv7511/zed/adv7511_zed.sdk/system_top_hw_platform_0" -c -fmessage-length=0 -MT"src/main.o" -I../../fsbl-disp-coproc_bsp/ps7_cortexa9_0/include -MMD -MP -MF"src/main.d" -MT"src/main.d" -o "src/main.o" "../src/main.c"
Finished building: ../src/main.c
 
Building file: ../src/nand.c
Invoking: ARM gcc compiler
arm-xilinx-eabi-gcc -Wall -O0 -g3 -I"/home/sefo/devel/dev_boards/zedBoard/self-backed/hdl/projects/adv7511/zed/adv7511_zed.sdk/system_top_hw_platform_0" -c -fmessage-length=0 -MT"src/nand.o" -I../../fsbl-disp-coproc_bsp/ps7_cortexa9_0/include -MMD -MP -MF"src/nand.d" -MT"src/nand.d" -o "src/nand.o" "../src/nand.c"
Finished building: ../src/nand.c
 
Building file: ../src/nor.c
Invoking: ARM gcc compiler
arm-xilinx-eabi-gcc -Wall -O0 -g3 -I"/home/sefo/devel/dev_boards/zedBoard/self-backed/hdl/projects/adv7511/zed/adv7511_zed.sdk/system_top_hw_platform_0" -c -fmessage-length=0 -MT"src/nor.o" -I../../fsbl-disp-coproc_bsp/ps7_cortexa9_0/include -MMD -MP -MF"src/nor.d" -MT"src/nor.d" -o "src/nor.o" "../src/nor.c"
Finished building: ../src/nor.c
 
Building file: ../src/pcap.c
Invoking: ARM gcc compiler
arm-xilinx-eabi-gcc -Wall -O0 -g3 -I"/home/sefo/devel/dev_boards/zedBoard/self-backed/hdl/projects/adv7511/zed/adv7511_zed.sdk/system_top_hw_platform_0" -c -fmessage-length=0 -MT"src/pcap.o" -I../../fsbl-disp-coproc_bsp/ps7_cortexa9_0/include -MMD -MP -MF"src/pcap.d" -MT"src/pcap.d" -o "src/pcap.o" "../src/pcap.c"
Finished building: ../src/pcap.c
 
Building file: /home/sefo/devel/dev_boards/zedBoard/self-backed/hdl/projects/adv7511/zed/adv7511_zed.sdk/system_top_hw_platform_0/ps7_init.c
Invoking: ARM gcc compiler
arm-xilinx-eabi-gcc -Wall -O0 -g3 -I"/home/sefo/devel/dev_boards/zedBoard/self-backed/hdl/projects/adv7511/zed/adv7511_zed.sdk/system_top_hw_platform_0" -c -fmessage-length=0 -MT"src/ps7_init.o" -I../../fsbl-disp-coproc_bsp/ps7_cortexa9_0/include -MMD -MP -MF"src/ps7_init.d" -MT"src/ps7_init.d" -o "src/ps7_init.o" "/home/sefo/devel/dev_boards/zedBoard/self-backed/hdl/projects/adv7511/zed/adv7511_zed.sdk/system_top_hw_platform_0/ps7_init.c"
Finished building: /home/sefo/devel/dev_boards/zedBoard/self-backed/hdl/projects/adv7511/zed/adv7511_zed.sdk/system_top_hw_platform_0/ps7_init.c
 
Building file: ../src/qspi.c
Invoking: ARM gcc compiler
arm-xilinx-eabi-gcc -Wall -O0 -g3 -I"/home/sefo/devel/dev_boards/zedBoard/self-backed/hdl/projects/adv7511/zed/adv7511_zed.sdk/system_top_hw_platform_0" -c -fmessage-length=0 -MT"src/qspi.o" -I../../fsbl-disp-coproc_bsp/ps7_cortexa9_0/include -MMD -MP -MF"src/qspi.d" -MT"src/qspi.d" -o "src/qspi.o" "../src/qspi.c"
Finished building: ../src/qspi.c
 
Building file: ../src/rsa.c
Invoking: ARM gcc compiler
arm-xilinx-eabi-gcc -Wall -O0 -g3 -I"/home/sefo/devel/dev_boards/zedBoard/self-backed/hdl/projects/adv7511/zed/adv7511_zed.sdk/system_top_hw_platform_0" -c -fmessage-length=0 -MT"src/rsa.o" -I../../fsbl-disp-coproc_bsp/ps7_cortexa9_0/include -MMD -MP -MF"src/rsa.d" -MT"src/rsa.d" -o "src/rsa.o" "../src/rsa.c"
Finished building: ../src/rsa.c
 
Building file: ../src/sd.c
Invoking: ARM gcc compiler
arm-xilinx-eabi-gcc -Wall -O0 -g3 -I"/home/sefo/devel/dev_boards/zedBoard/self-backed/hdl/projects/adv7511/zed/adv7511_zed.sdk/system_top_hw_platform_0" -c -fmessage-length=0 -MT"src/sd.o" -I../../fsbl-disp-coproc_bsp/ps7_cortexa9_0/include -MMD -MP -MF"src/sd.d" -MT"src/sd.d" -o "src/sd.o" "../src/sd.c"
Finished building: ../src/sd.c
 
Building target: fsbl-disp-coproc.elf
Invoking: ARM gcc linker
arm-xilinx-eabi-gcc -L"/home/sefo/devel/dev_boards/zedBoard/self-backed/hdl/projects/adv7511/zed/adv7511_zed.sdk/fsbl-disp-coproc/src" -Wl,-T -Wl,../src/lscript.ld -L../../fsbl-disp-coproc_bsp/ps7_cortexa9_0/lib -o "fsbl-disp-coproc.elf"  ./src/fsbl_handoff.o ./src/fsbl_hooks.o ./src/image_mover.o ./src/main.o ./src/md5.o ./src/nand.o ./src/nor.o ./src/pcap.o ./src/ps7_init.o ./src/qspi.o ./src/rsa.o ./src/sd.o   -lrsa -Wl,--start-group,-lxil,-lgcc,-lc,--end-group -Wl,--start-group,-lxilffs,-lxil,-lgcc,-lc,--end-group -Wl,--start-group,-lrsa,-lxil,-lgcc,-lc,--end-group
Finished building target: fsbl-disp-coproc.elf
 
Invoking: ARM Print Size
arm-xilinx-eabi-size fsbl-disp-coproc.elf  |tee "fsbl-disp-coproc.elf.size"
   text	   data	    bss	    dec	    hex	filename
  77120	  11860	  74308	 163288	  27dd8	fsbl-disp-coproc.elf
Finished building: fsbl-disp-coproc.elf.size
 
16:15:15 **** Auto Build of configuration Debug for project fsbl-disp-coproc ****
make all 
make: Für das Ziel „all“ ist nichts zu tun.
17:21:09 **** Auto Build of configuration Debug for project fsbl-disp-coproc ****
make all 
Building file: ../src/fsbl_hooks.c
Invoking: ARM gcc compiler
arm-xilinx-eabi-gcc -Wall -O0 -g3 -I"/home/sefo/devel/dev_boards/zedBoard/self-backed/hdl/projects/adv7511/zed/adv7511_zed.sdk/system_top_hw_platform_0" -c -fmessage-length=0 -MT"src/fsbl_hooks.o" -I../../fsbl-disp-coproc_bsp/ps7_cortexa9_0/include -MMD -MP -MF"src/fsbl_hooks.d" -MT"src/fsbl_hooks.d" -o "src/fsbl_hooks.o" "../src/fsbl_hooks.c"
Finished building: ../src/fsbl_hooks.c
 
Building file: ../src/image_mover.c
Invoking: ARM gcc compiler
arm-xilinx-eabi-gcc -Wall -O0 -g3 -I"/home/sefo/devel/dev_boards/zedBoard/self-backed/hdl/projects/adv7511/zed/adv7511_zed.sdk/system_top_hw_platform_0" -c -fmessage-length=0 -MT"src/image_mover.o" -I../../fsbl-disp-coproc_bsp/ps7_cortexa9_0/include -MMD -MP -MF"src/image_mover.d" -MT"src/image_mover.d" -o "src/image_mover.o" "../src/image_mover.c"
Finished building: ../src/image_mover.c
 
Building file: ../src/main.c
Invoking: ARM gcc compiler
arm-xilinx-eabi-gcc -Wall -O0 -g3 -I"/home/sefo/devel/dev_boards/zedBoard/self-backed/hdl/projects/adv7511/zed/adv7511_zed.sdk/system_top_hw_platform_0" -c -fmessage-length=0 -MT"src/main.o" -I../../fsbl-disp-coproc_bsp/ps7_cortexa9_0/include -MMD -MP -MF"src/main.d" -MT"src/main.d" -o "src/main.o" "../src/main.c"
Finished building: ../src/main.c
 
Building file: ../src/nand.c
Invoking: ARM gcc compiler
arm-xilinx-eabi-gcc -Wall -O0 -g3 -I"/home/sefo/devel/dev_boards/zedBoard/self-backed/hdl/projects/adv7511/zed/adv7511_zed.sdk/system_top_hw_platform_0" -c -fmessage-length=0 -MT"src/nand.o" -I../../fsbl-disp-coproc_bsp/ps7_cortexa9_0/include -MMD -MP -MF"src/nand.d" -MT"src/nand.d" -o "src/nand.o" "../src/nand.c"
Finished building: ../src/nand.c
 
Building file: ../src/nor.c
Invoking: ARM gcc compiler
arm-xilinx-eabi-gcc -Wall -O0 -g3 -I"/home/sefo/devel/dev_boards/zedBoard/self-backed/hdl/projects/adv7511/zed/adv7511_zed.sdk/system_top_hw_platform_0" -c -fmessage-length=0 -MT"src/nor.o" -I../../fsbl-disp-coproc_bsp/ps7_cortexa9_0/include -MMD -MP -MF"src/nor.d" -MT"src/nor.d" -o "src/nor.o" "../src/nor.c"
Finished building: ../src/nor.c
 
Building file: ../src/pcap.c
Invoking: ARM gcc compiler
arm-xilinx-eabi-gcc -Wall -O0 -g3 -I"/home/sefo/devel/dev_boards/zedBoard/self-backed/hdl/projects/adv7511/zed/adv7511_zed.sdk/system_top_hw_platform_0" -c -fmessage-length=0 -MT"src/pcap.o" -I../../fsbl-disp-coproc_bsp/ps7_cortexa9_0/include -MMD -MP -MF"src/pcap.d" -MT"src/pcap.d" -o "src/pcap.o" "../src/pcap.c"
Finished building: ../src/pcap.c
 
Building file: /home/sefo/devel/dev_boards/zedBoard/self-backed/hdl/projects/adv7511/zed/adv7511_zed.sdk/system_top_hw_platform_0/ps7_init.c
Invoking: ARM gcc compiler
arm-xilinx-eabi-gcc -Wall -O0 -g3 -I"/home/sefo/devel/dev_boards/zedBoard/self-backed/hdl/projects/adv7511/zed/adv7511_zed.sdk/system_top_hw_platform_0" -c -fmessage-length=0 -MT"src/ps7_init.o" -I../../fsbl-disp-coproc_bsp/ps7_cortexa9_0/include -MMD -MP -MF"src/ps7_init.d" -MT"src/ps7_init.d" -o "src/ps7_init.o" "/home/sefo/devel/dev_boards/zedBoard/self-backed/hdl/projects/adv7511/zed/adv7511_zed.sdk/system_top_hw_platform_0/ps7_init.c"
Finished building: /home/sefo/devel/dev_boards/zedBoard/self-backed/hdl/projects/adv7511/zed/adv7511_zed.sdk/system_top_hw_platform_0/ps7_init.c
 
Building file: ../src/qspi.c
Invoking: ARM gcc compiler
arm-xilinx-eabi-gcc -Wall -O0 -g3 -I"/home/sefo/devel/dev_boards/zedBoard/self-backed/hdl/projects/adv7511/zed/adv7511_zed.sdk/system_top_hw_platform_0" -c -fmessage-length=0 -MT"src/qspi.o" -I../../fsbl-disp-coproc_bsp/ps7_cortexa9_0/include -MMD -MP -MF"src/qspi.d" -MT"src/qspi.d" -o "src/qspi.o" "../src/qspi.c"
Finished building: ../src/qspi.c
 
Building file: ../src/rsa.c
Invoking: ARM gcc compiler
arm-xilinx-eabi-gcc -Wall -O0 -g3 -I"/home/sefo/devel/dev_boards/zedBoard/self-backed/hdl/projects/adv7511/zed/adv7511_zed.sdk/system_top_hw_platform_0" -c -fmessage-length=0 -MT"src/rsa.o" -I../../fsbl-disp-coproc_bsp/ps7_cortexa9_0/include -MMD -MP -MF"src/rsa.d" -MT"src/rsa.d" -o "src/rsa.o" "../src/rsa.c"
Finished building: ../src/rsa.c
 
Building file: ../src/sd.c
Invoking: ARM gcc compiler
arm-xilinx-eabi-gcc -Wall -O0 -g3 -I"/home/sefo/devel/dev_boards/zedBoard/self-backed/hdl/projects/adv7511/zed/adv7511_zed.sdk/system_top_hw_platform_0" -c -fmessage-length=0 -MT"src/sd.o" -I../../fsbl-disp-coproc_bsp/ps7_cortexa9_0/include -MMD -MP -MF"src/sd.d" -MT"src/sd.d" -o "src/sd.o" "../src/sd.c"
Finished building: ../src/sd.c
 
Building target: fsbl-disp-coproc.elf
Invoking: ARM gcc linker
arm-xilinx-eabi-gcc -L"/home/sefo/devel/dev_boards/zedBoard/self-backed/hdl/projects/adv7511/zed/adv7511_zed.sdk/fsbl-disp-coproc/src" -Wl,-T -Wl,../src/lscript.ld -L../../fsbl-disp-coproc_bsp/ps7_cortexa9_0/lib -o "fsbl-disp-coproc.elf"  ./src/fsbl_handoff.o ./src/fsbl_hooks.o ./src/image_mover.o ./src/main.o ./src/md5.o ./src/nand.o ./src/nor.o ./src/pcap.o ./src/ps7_init.o ./src/qspi.o ./src/rsa.o ./src/sd.o   -lrsa -Wl,--start-group,-lxil,-lgcc,-lc,--end-group -Wl,--start-group,-lxilffs,-lxil,-lgcc,-lc,--end-group -Wl,--start-group,-lrsa,-lxil,-lgcc,-lc,--end-group
Finished building target: fsbl-disp-coproc.elf
 
Invoking: ARM Print Size
arm-xilinx-eabi-size fsbl-disp-coproc.elf  |tee "fsbl-disp-coproc.elf.size"
   text	   data	    bss	    dec	    hex	filename
  77120	  11860	  74308	 163288	  27dd8	fsbl-disp-coproc.elf
Finished building: fsbl-disp-coproc.elf.size
 
17:21:30 **** Auto Build of configuration Debug for project fsbl-disp-coproc ****
make all 
make: Für das Ziel „all“ ist nichts zu tun.
21:51:59 **** Auto Build of configuration Debug for project fsbl-disp-coproc ****
make all 
Building file: ../src/fsbl_hooks.c
Invoking: ARM gcc compiler
arm-xilinx-eabi-gcc -Wall -O0 -g3 -I"/home/sefo/devel/dev_boards/zedBoard/self-backed/hdl/projects/adv7511/zed/adv7511_zed.sdk/system_top_hw_platform_0" -c -fmessage-length=0 -MT"src/fsbl_hooks.o" -I../../fsbl-disp-coproc_bsp/ps7_cortexa9_0/include -MMD -MP -MF"src/fsbl_hooks.d" -MT"src/fsbl_hooks.d" -o "src/fsbl_hooks.o" "../src/fsbl_hooks.c"
Finished building: ../src/fsbl_hooks.c
 
Building file: ../src/image_mover.c
Invoking: ARM gcc compiler
arm-xilinx-eabi-gcc -Wall -O0 -g3 -I"/home/sefo/devel/dev_boards/zedBoard/self-backed/hdl/projects/adv7511/zed/adv7511_zed.sdk/system_top_hw_platform_0" -c -fmessage-length=0 -MT"src/image_mover.o" -I../../fsbl-disp-coproc_bsp/ps7_cortexa9_0/include -MMD -MP -MF"src/image_mover.d" -MT"src/image_mover.d" -o "src/image_mover.o" "../src/image_mover.c"
Finished building: ../src/image_mover.c
 
Building file: ../src/main.c
Invoking: ARM gcc compiler
arm-xilinx-eabi-gcc -Wall -O0 -g3 -I"/home/sefo/devel/dev_boards/zedBoard/self-backed/hdl/projects/adv7511/zed/adv7511_zed.sdk/system_top_hw_platform_0" -c -fmessage-length=0 -MT"src/main.o" -I../../fsbl-disp-coproc_bsp/ps7_cortexa9_0/include -MMD -MP -MF"src/main.d" -MT"src/main.d" -o "src/main.o" "../src/main.c"
Finished building: ../src/main.c
 
Building file: ../src/nand.c
Invoking: ARM gcc compiler
arm-xilinx-eabi-gcc -Wall -O0 -g3 -I"/home/sefo/devel/dev_boards/zedBoard/self-backed/hdl/projects/adv7511/zed/adv7511_zed.sdk/system_top_hw_platform_0" -c -fmessage-length=0 -MT"src/nand.o" -I../../fsbl-disp-coproc_bsp/ps7_cortexa9_0/include -MMD -MP -MF"src/nand.d" -MT"src/nand.d" -o "src/nand.o" "../src/nand.c"
Finished building: ../src/nand.c
 
Building file: ../src/nor.c
Invoking: ARM gcc compiler
arm-xilinx-eabi-gcc -Wall -O0 -g3 -I"/home/sefo/devel/dev_boards/zedBoard/self-backed/hdl/projects/adv7511/zed/adv7511_zed.sdk/system_top_hw_platform_0" -c -fmessage-length=0 -MT"src/nor.o" -I../../fsbl-disp-coproc_bsp/ps7_cortexa9_0/include -MMD -MP -MF"src/nor.d" -MT"src/nor.d" -o "src/nor.o" "../src/nor.c"
Finished building: ../src/nor.c
 
Building file: ../src/pcap.c
Invoking: ARM gcc compiler
arm-xilinx-eabi-gcc -Wall -O0 -g3 -I"/home/sefo/devel/dev_boards/zedBoard/self-backed/hdl/projects/adv7511/zed/adv7511_zed.sdk/system_top_hw_platform_0" -c -fmessage-length=0 -MT"src/pcap.o" -I../../fsbl-disp-coproc_bsp/ps7_cortexa9_0/include -MMD -MP -MF"src/pcap.d" -MT"src/pcap.d" -o "src/pcap.o" "../src/pcap.c"
Finished building: ../src/pcap.c
 
Building file: /home/sefo/devel/dev_boards/zedBoard/self-backed/hdl/projects/adv7511/zed/adv7511_zed.sdk/system_top_hw_platform_0/ps7_init.c
Invoking: ARM gcc compiler
arm-xilinx-eabi-gcc -Wall -O0 -g3 -I"/home/sefo/devel/dev_boards/zedBoard/self-backed/hdl/projects/adv7511/zed/adv7511_zed.sdk/system_top_hw_platform_0" -c -fmessage-length=0 -MT"src/ps7_init.o" -I../../fsbl-disp-coproc_bsp/ps7_cortexa9_0/include -MMD -MP -MF"src/ps7_init.d" -MT"src/ps7_init.d" -o "src/ps7_init.o" "/home/sefo/devel/dev_boards/zedBoard/self-backed/hdl/projects/adv7511/zed/adv7511_zed.sdk/system_top_hw_platform_0/ps7_init.c"
Finished building: /home/sefo/devel/dev_boards/zedBoard/self-backed/hdl/projects/adv7511/zed/adv7511_zed.sdk/system_top_hw_platform_0/ps7_init.c
 
Building file: ../src/qspi.c
Invoking: ARM gcc compiler
arm-xilinx-eabi-gcc -Wall -O0 -g3 -I"/home/sefo/devel/dev_boards/zedBoard/self-backed/hdl/projects/adv7511/zed/adv7511_zed.sdk/system_top_hw_platform_0" -c -fmessage-length=0 -MT"src/qspi.o" -I../../fsbl-disp-coproc_bsp/ps7_cortexa9_0/include -MMD -MP -MF"src/qspi.d" -MT"src/qspi.d" -o "src/qspi.o" "../src/qspi.c"
Finished building: ../src/qspi.c
 
Building file: ../src/rsa.c
Invoking: ARM gcc compiler
arm-xilinx-eabi-gcc -Wall -O0 -g3 -I"/home/sefo/devel/dev_boards/zedBoard/self-backed/hdl/projects/adv7511/zed/adv7511_zed.sdk/system_top_hw_platform_0" -c -fmessage-length=0 -MT"src/rsa.o" -I../../fsbl-disp-coproc_bsp/ps7_cortexa9_0/include -MMD -MP -MF"src/rsa.d" -MT"src/rsa.d" -o "src/rsa.o" "../src/rsa.c"
Finished building: ../src/rsa.c
 
Building file: ../src/sd.c
Invoking: ARM gcc compiler
arm-xilinx-eabi-gcc -Wall -O0 -g3 -I"/home/sefo/devel/dev_boards/zedBoard/self-backed/hdl/projects/adv7511/zed/adv7511_zed.sdk/system_top_hw_platform_0" -c -fmessage-length=0 -MT"src/sd.o" -I../../fsbl-disp-coproc_bsp/ps7_cortexa9_0/include -MMD -MP -MF"src/sd.d" -MT"src/sd.d" -o "src/sd.o" "../src/sd.c"
Finished building: ../src/sd.c
 
Building target: fsbl-disp-coproc.elf
Invoking: ARM gcc linker
arm-xilinx-eabi-gcc -L"/home/sefo/devel/dev_boards/zedBoard/self-backed/hdl/projects/adv7511/zed/adv7511_zed.sdk/fsbl-disp-coproc/src" -Wl,-T -Wl,../src/lscript.ld -L../../fsbl-disp-coproc_bsp/ps7_cortexa9_0/lib -o "fsbl-disp-coproc.elf"  ./src/fsbl_handoff.o ./src/fsbl_hooks.o ./src/image_mover.o ./src/main.o ./src/md5.o ./src/nand.o ./src/nor.o ./src/pcap.o ./src/ps7_init.o ./src/qspi.o ./src/rsa.o ./src/sd.o   -lrsa -Wl,--start-group,-lxil,-lgcc,-lc,--end-group -Wl,--start-group,-lxilffs,-lxil,-lgcc,-lc,--end-group -Wl,--start-group,-lrsa,-lxil,-lgcc,-lc,--end-group
Finished building target: fsbl-disp-coproc.elf
 
Invoking: ARM Print Size
arm-xilinx-eabi-size fsbl-disp-coproc.elf  |tee "fsbl-disp-coproc.elf.size"
   text	   data	    bss	    dec	    hex	filename
  77120	  11860	  74308	 163288	  27dd8	fsbl-disp-coproc.elf
Finished building: fsbl-disp-coproc.elf.size
 
20:38:19 **** Auto Build of configuration Debug for project fsbl-disp-coproc ****
make all 
Building file: ../src/fsbl_hooks.c
Invoking: ARM gcc compiler
arm-xilinx-eabi-gcc -Wall -O0 -g3 -I"/home/sefo/devel/dev_boards/zedBoard/self-backed/hdl/projects/adv7511/zed/adv7511_zed.sdk/system_top_hw_platform_0" -c -fmessage-length=0 -MT"src/fsbl_hooks.o" -I../../fsbl-disp-coproc_bsp/ps7_cortexa9_0/include -MMD -MP -MF"src/fsbl_hooks.d" -MT"src/fsbl_hooks.d" -o "src/fsbl_hooks.o" "../src/fsbl_hooks.c"
Finished building: ../src/fsbl_hooks.c
 
Building file: ../src/image_mover.c
Invoking: ARM gcc compiler
arm-xilinx-eabi-gcc -Wall -O0 -g3 -I"/home/sefo/devel/dev_boards/zedBoard/self-backed/hdl/projects/adv7511/zed/adv7511_zed.sdk/system_top_hw_platform_0" -c -fmessage-length=0 -MT"src/image_mover.o" -I../../fsbl-disp-coproc_bsp/ps7_cortexa9_0/include -MMD -MP -MF"src/image_mover.d" -MT"src/image_mover.d" -o "src/image_mover.o" "../src/image_mover.c"
Finished building: ../src/image_mover.c
 
Building file: ../src/main.c
Invoking: ARM gcc compiler
arm-xilinx-eabi-gcc -Wall -O0 -g3 -I"/home/sefo/devel/dev_boards/zedBoard/self-backed/hdl/projects/adv7511/zed/adv7511_zed.sdk/system_top_hw_platform_0" -c -fmessage-length=0 -MT"src/main.o" -I../../fsbl-disp-coproc_bsp/ps7_cortexa9_0/include -MMD -MP -MF"src/main.d" -MT"src/main.d" -o "src/main.o" "../src/main.c"
Finished building: ../src/main.c
 
Building file: ../src/nand.c
Invoking: ARM gcc compiler
arm-xilinx-eabi-gcc -Wall -O0 -g3 -I"/home/sefo/devel/dev_boards/zedBoard/self-backed/hdl/projects/adv7511/zed/adv7511_zed.sdk/system_top_hw_platform_0" -c -fmessage-length=0 -MT"src/nand.o" -I../../fsbl-disp-coproc_bsp/ps7_cortexa9_0/include -MMD -MP -MF"src/nand.d" -MT"src/nand.d" -o "src/nand.o" "../src/nand.c"
Finished building: ../src/nand.c
 
Building file: ../src/nor.c
Invoking: ARM gcc compiler
arm-xilinx-eabi-gcc -Wall -O0 -g3 -I"/home/sefo/devel/dev_boards/zedBoard/self-backed/hdl/projects/adv7511/zed/adv7511_zed.sdk/system_top_hw_platform_0" -c -fmessage-length=0 -MT"src/nor.o" -I../../fsbl-disp-coproc_bsp/ps7_cortexa9_0/include -MMD -MP -MF"src/nor.d" -MT"src/nor.d" -o "src/nor.o" "../src/nor.c"
Finished building: ../src/nor.c
 
Building file: ../src/pcap.c
Invoking: ARM gcc compiler
arm-xilinx-eabi-gcc -Wall -O0 -g3 -I"/home/sefo/devel/dev_boards/zedBoard/self-backed/hdl/projects/adv7511/zed/adv7511_zed.sdk/system_top_hw_platform_0" -c -fmessage-length=0 -MT"src/pcap.o" -I../../fsbl-disp-coproc_bsp/ps7_cortexa9_0/include -MMD -MP -MF"src/pcap.d" -MT"src/pcap.d" -o "src/pcap.o" "../src/pcap.c"
Finished building: ../src/pcap.c
 
Building file: /home/sefo/devel/dev_boards/zedBoard/self-backed/hdl/projects/adv7511/zed/adv7511_zed.sdk/system_top_hw_platform_0/ps7_init.c
Invoking: ARM gcc compiler
arm-xilinx-eabi-gcc -Wall -O0 -g3 -I"/home/sefo/devel/dev_boards/zedBoard/self-backed/hdl/projects/adv7511/zed/adv7511_zed.sdk/system_top_hw_platform_0" -c -fmessage-length=0 -MT"src/ps7_init.o" -I../../fsbl-disp-coproc_bsp/ps7_cortexa9_0/include -MMD -MP -MF"src/ps7_init.d" -MT"src/ps7_init.d" -o "src/ps7_init.o" "/home/sefo/devel/dev_boards/zedBoard/self-backed/hdl/projects/adv7511/zed/adv7511_zed.sdk/system_top_hw_platform_0/ps7_init.c"
Finished building: /home/sefo/devel/dev_boards/zedBoard/self-backed/hdl/projects/adv7511/zed/adv7511_zed.sdk/system_top_hw_platform_0/ps7_init.c
 
Building file: ../src/qspi.c
Invoking: ARM gcc compiler
arm-xilinx-eabi-gcc -Wall -O0 -g3 -I"/home/sefo/devel/dev_boards/zedBoard/self-backed/hdl/projects/adv7511/zed/adv7511_zed.sdk/system_top_hw_platform_0" -c -fmessage-length=0 -MT"src/qspi.o" -I../../fsbl-disp-coproc_bsp/ps7_cortexa9_0/include -MMD -MP -MF"src/qspi.d" -MT"src/qspi.d" -o "src/qspi.o" "../src/qspi.c"
Finished building: ../src/qspi.c
 
Building file: ../src/rsa.c
Invoking: ARM gcc compiler
arm-xilinx-eabi-gcc -Wall -O0 -g3 -I"/home/sefo/devel/dev_boards/zedBoard/self-backed/hdl/projects/adv7511/zed/adv7511_zed.sdk/system_top_hw_platform_0" -c -fmessage-length=0 -MT"src/rsa.o" -I../../fsbl-disp-coproc_bsp/ps7_cortexa9_0/include -MMD -MP -MF"src/rsa.d" -MT"src/rsa.d" -o "src/rsa.o" "../src/rsa.c"
Finished building: ../src/rsa.c
 
Building file: ../src/sd.c
Invoking: ARM gcc compiler
arm-xilinx-eabi-gcc -Wall -O0 -g3 -I"/home/sefo/devel/dev_boards/zedBoard/self-backed/hdl/projects/adv7511/zed/adv7511_zed.sdk/system_top_hw_platform_0" -c -fmessage-length=0 -MT"src/sd.o" -I../../fsbl-disp-coproc_bsp/ps7_cortexa9_0/include -MMD -MP -MF"src/sd.d" -MT"src/sd.d" -o "src/sd.o" "../src/sd.c"
Finished building: ../src/sd.c
 
Building target: fsbl-disp-coproc.elf
Invoking: ARM gcc linker
arm-xilinx-eabi-gcc -L"/home/sefo/devel/dev_boards/zedBoard/self-backed/hdl/projects/adv7511/zed/adv7511_zed.sdk/fsbl-disp-coproc/src" -Wl,-T -Wl,../src/lscript.ld -L../../fsbl-disp-coproc_bsp/ps7_cortexa9_0/lib -o "fsbl-disp-coproc.elf"  ./src/fsbl_handoff.o ./src/fsbl_hooks.o ./src/image_mover.o ./src/main.o ./src/md5.o ./src/nand.o ./src/nor.o ./src/pcap.o ./src/ps7_init.o ./src/qspi.o ./src/rsa.o ./src/sd.o   -lrsa -Wl,--start-group,-lxil,-lgcc,-lc,--end-group -Wl,--start-group,-lxilffs,-lxil,-lgcc,-lc,--end-group -Wl,--start-group,-lrsa,-lxil,-lgcc,-lc,--end-group
Finished building target: fsbl-disp-coproc.elf
 
Invoking: ARM Print Size
arm-xilinx-eabi-size fsbl-disp-coproc.elf  |tee "fsbl-disp-coproc.elf.size"
   text	   data	    bss	    dec	    hex	filename
  77120	  11860	  74308	 163288	  27dd8	fsbl-disp-coproc.elf
Finished building: fsbl-disp-coproc.elf.size
 
20:38:53 **** Auto Build of configuration Debug for project fsbl-disp-coproc ****
make all 
make: Für das Ziel „all“ ist nichts zu tun.
21:45:22 **** Auto Build of configuration Debug for project fsbl-disp-coproc ****
make all 
Building file: ../src/fsbl_hooks.c
Invoking: ARM gcc compiler
arm-xilinx-eabi-gcc -Wall -O0 -g3 -I"/home/sefo/devel/dev_boards/zedBoard/self-backed/hdl/projects/adv7511/zed/adv7511_zed.sdk/system_top_hw_platform_0" -c -fmessage-length=0 -MT"src/fsbl_hooks.o" -I../../fsbl-disp-coproc_bsp/ps7_cortexa9_0/include -MMD -MP -MF"src/fsbl_hooks.d" -MT"src/fsbl_hooks.d" -o "src/fsbl_hooks.o" "../src/fsbl_hooks.c"
Finished building: ../src/fsbl_hooks.c
 
Building file: ../src/image_mover.c
Invoking: ARM gcc compiler
arm-xilinx-eabi-gcc -Wall -O0 -g3 -I"/home/sefo/devel/dev_boards/zedBoard/self-backed/hdl/projects/adv7511/zed/adv7511_zed.sdk/system_top_hw_platform_0" -c -fmessage-length=0 -MT"src/image_mover.o" -I../../fsbl-disp-coproc_bsp/ps7_cortexa9_0/include -MMD -MP -MF"src/image_mover.d" -MT"src/image_mover.d" -o "src/image_mover.o" "../src/image_mover.c"
Finished building: ../src/image_mover.c
 
Building file: ../src/main.c
Invoking: ARM gcc compiler
arm-xilinx-eabi-gcc -Wall -O0 -g3 -I"/home/sefo/devel/dev_boards/zedBoard/self-backed/hdl/projects/adv7511/zed/adv7511_zed.sdk/system_top_hw_platform_0" -c -fmessage-length=0 -MT"src/main.o" -I../../fsbl-disp-coproc_bsp/ps7_cortexa9_0/include -MMD -MP -MF"src/main.d" -MT"src/main.d" -o "src/main.o" "../src/main.c"
Finished building: ../src/main.c
 
Building file: ../src/nand.c
Invoking: ARM gcc compiler
arm-xilinx-eabi-gcc -Wall -O0 -g3 -I"/home/sefo/devel/dev_boards/zedBoard/self-backed/hdl/projects/adv7511/zed/adv7511_zed.sdk/system_top_hw_platform_0" -c -fmessage-length=0 -MT"src/nand.o" -I../../fsbl-disp-coproc_bsp/ps7_cortexa9_0/include -MMD -MP -MF"src/nand.d" -MT"src/nand.d" -o "src/nand.o" "../src/nand.c"
Finished building: ../src/nand.c
 
Building file: ../src/nor.c
Invoking: ARM gcc compiler
arm-xilinx-eabi-gcc -Wall -O0 -g3 -I"/home/sefo/devel/dev_boards/zedBoard/self-backed/hdl/projects/adv7511/zed/adv7511_zed.sdk/system_top_hw_platform_0" -c -fmessage-length=0 -MT"src/nor.o" -I../../fsbl-disp-coproc_bsp/ps7_cortexa9_0/include -MMD -MP -MF"src/nor.d" -MT"src/nor.d" -o "src/nor.o" "../src/nor.c"
Finished building: ../src/nor.c
 
Building file: ../src/pcap.c
Invoking: ARM gcc compiler
arm-xilinx-eabi-gcc -Wall -O0 -g3 -I"/home/sefo/devel/dev_boards/zedBoard/self-backed/hdl/projects/adv7511/zed/adv7511_zed.sdk/system_top_hw_platform_0" -c -fmessage-length=0 -MT"src/pcap.o" -I../../fsbl-disp-coproc_bsp/ps7_cortexa9_0/include -MMD -MP -MF"src/pcap.d" -MT"src/pcap.d" -o "src/pcap.o" "../src/pcap.c"
Finished building: ../src/pcap.c
 
Building file: /home/sefo/devel/dev_boards/zedBoard/self-backed/hdl/projects/adv7511/zed/adv7511_zed.sdk/system_top_hw_platform_0/ps7_init.c
Invoking: ARM gcc compiler
arm-xilinx-eabi-gcc -Wall -O0 -g3 -I"/home/sefo/devel/dev_boards/zedBoard/self-backed/hdl/projects/adv7511/zed/adv7511_zed.sdk/system_top_hw_platform_0" -c -fmessage-length=0 -MT"src/ps7_init.o" -I../../fsbl-disp-coproc_bsp/ps7_cortexa9_0/include -MMD -MP -MF"src/ps7_init.d" -MT"src/ps7_init.d" -o "src/ps7_init.o" "/home/sefo/devel/dev_boards/zedBoard/self-backed/hdl/projects/adv7511/zed/adv7511_zed.sdk/system_top_hw_platform_0/ps7_init.c"
Finished building: /home/sefo/devel/dev_boards/zedBoard/self-backed/hdl/projects/adv7511/zed/adv7511_zed.sdk/system_top_hw_platform_0/ps7_init.c
 
Building file: ../src/qspi.c
Invoking: ARM gcc compiler
arm-xilinx-eabi-gcc -Wall -O0 -g3 -I"/home/sefo/devel/dev_boards/zedBoard/self-backed/hdl/projects/adv7511/zed/adv7511_zed.sdk/system_top_hw_platform_0" -c -fmessage-length=0 -MT"src/qspi.o" -I../../fsbl-disp-coproc_bsp/ps7_cortexa9_0/include -MMD -MP -MF"src/qspi.d" -MT"src/qspi.d" -o "src/qspi.o" "../src/qspi.c"
Finished building: ../src/qspi.c
 
Building file: ../src/rsa.c
Invoking: ARM gcc compiler
arm-xilinx-eabi-gcc -Wall -O0 -g3 -I"/home/sefo/devel/dev_boards/zedBoard/self-backed/hdl/projects/adv7511/zed/adv7511_zed.sdk/system_top_hw_platform_0" -c -fmessage-length=0 -MT"src/rsa.o" -I../../fsbl-disp-coproc_bsp/ps7_cortexa9_0/include -MMD -MP -MF"src/rsa.d" -MT"src/rsa.d" -o "src/rsa.o" "../src/rsa.c"
Finished building: ../src/rsa.c
 
Building file: ../src/sd.c
Invoking: ARM gcc compiler
arm-xilinx-eabi-gcc -Wall -O0 -g3 -I"/home/sefo/devel/dev_boards/zedBoard/self-backed/hdl/projects/adv7511/zed/adv7511_zed.sdk/system_top_hw_platform_0" -c -fmessage-length=0 -MT"src/sd.o" -I../../fsbl-disp-coproc_bsp/ps7_cortexa9_0/include -MMD -MP -MF"src/sd.d" -MT"src/sd.d" -o "src/sd.o" "../src/sd.c"
Finished building: ../src/sd.c
 
Building target: fsbl-disp-coproc.elf
Invoking: ARM gcc linker
arm-xilinx-eabi-gcc -L"/home/sefo/devel/dev_boards/zedBoard/self-backed/hdl/projects/adv7511/zed/adv7511_zed.sdk/fsbl-disp-coproc/src" -Wl,-T -Wl,../src/lscript.ld -L../../fsbl-disp-coproc_bsp/ps7_cortexa9_0/lib -o "fsbl-disp-coproc.elf"  ./src/fsbl_handoff.o ./src/fsbl_hooks.o ./src/image_mover.o ./src/main.o ./src/md5.o ./src/nand.o ./src/nor.o ./src/pcap.o ./src/ps7_init.o ./src/qspi.o ./src/rsa.o ./src/sd.o   -lrsa -Wl,--start-group,-lxil,-lgcc,-lc,--end-group -Wl,--start-group,-lxilffs,-lxil,-lgcc,-lc,--end-group -Wl,--start-group,-lrsa,-lxil,-lgcc,-lc,--end-group
Finished building target: fsbl-disp-coproc.elf
 
Invoking: ARM Print Size
arm-xilinx-eabi-size fsbl-disp-coproc.elf  |tee "fsbl-disp-coproc.elf.size"
   text	   data	    bss	    dec	    hex	filename
  77120	  11860	  74308	 163288	  27dd8	fsbl-disp-coproc.elf
Finished building: fsbl-disp-coproc.elf.size
 
21:46:10 **** Auto Build of configuration Debug for project fsbl-disp-coproc ****
make all 
make: Für das Ziel „all“ ist nichts zu tun.
20:16:33 **** Auto Build of configuration Debug for project fsbl-disp-coproc ****
make all 
Building file: ../src/fsbl_hooks.c
Invoking: ARM gcc compiler
arm-xilinx-eabi-gcc -Wall -O0 -g3 -I"/home/sefo/devel/dev_boards/zedBoard/self-backed/hdl/projects/adv7511/zed/adv7511_zed.sdk/system_top_hw_platform_0" -c -fmessage-length=0 -MT"src/fsbl_hooks.o" -I../../fsbl-disp-coproc_bsp/ps7_cortexa9_0/include -MMD -MP -MF"src/fsbl_hooks.d" -MT"src/fsbl_hooks.d" -o "src/fsbl_hooks.o" "../src/fsbl_hooks.c"
Finished building: ../src/fsbl_hooks.c
 
Building file: ../src/image_mover.c
Invoking: ARM gcc compiler
arm-xilinx-eabi-gcc -Wall -O0 -g3 -I"/home/sefo/devel/dev_boards/zedBoard/self-backed/hdl/projects/adv7511/zed/adv7511_zed.sdk/system_top_hw_platform_0" -c -fmessage-length=0 -MT"src/image_mover.o" -I../../fsbl-disp-coproc_bsp/ps7_cortexa9_0/include -MMD -MP -MF"src/image_mover.d" -MT"src/image_mover.d" -o "src/image_mover.o" "../src/image_mover.c"
Finished building: ../src/image_mover.c
 
Building file: ../src/main.c
[...]
Invoking: ARM gcc compiler
arm-xilinx-eabi-gcc -Wall -O0 -g3 -I"/home/sefo/devel/dev_boards/zedBoard/self-backed/hdl/projects/adv7511/zed/adv7511_zed.sdk/system_top_hw_platform_0" -c -fmessage-length=0 -MT"src/ps7_init.o" -I../../fsbl-disp-coproc_bsp/ps7_cortexa9_0/include -MMD -MP -MF"src/ps7_init.d" -MT"src/ps7_init.d" -o "src/ps7_init.o" "/home/sefo/devel/dev_boards/zedBoard/self-backed/hdl/projects/adv7511/zed/adv7511_zed.sdk/system_top_hw_platform_0/ps7_init.c"
Finished building: /home/sefo/devel/dev_boards/zedBoard/self-backed/hdl/projects/adv7511/zed/adv7511_zed.sdk/system_top_hw_platform_0/ps7_init.c
 
Building file: ../src/qspi.c
Invoking: ARM gcc compiler
arm-xilinx-eabi-gcc -Wall -O0 -g3 -I"/home/sefo/devel/dev_boards/zedBoard/self-backed/hdl/projects/adv7511/zed/adv7511_zed.sdk/system_top_hw_platform_0" -c -fmessage-length=0 -MT"src/qspi.o" -I../../fsbl-disp-coproc_bsp/ps7_cortexa9_0/include -MMD -MP -MF"src/qspi.d" -MT"src/qspi.d" -o "src/qspi.o" "../src/qspi.c"
Finished building: ../src/qspi.c
 
Building file: ../src/rsa.c
Invoking: ARM gcc compiler
arm-xilinx-eabi-gcc -Wall -O0 -g3 -I"/home/sefo/devel/dev_boards/zedBoard/self-backed/hdl/projects/adv7511/zed/adv7511_zed.sdk/system_top_hw_platform_0" -c -fmessage-length=0 -MT"src/rsa.o" -I../../fsbl-disp-coproc_bsp/ps7_cortexa9_0/include -MMD -MP -MF"src/rsa.d" -MT"src/rsa.d" -o "src/rsa.o" "../src/rsa.c"
Finished building: ../src/rsa.c
 
Building file: ../src/sd.c
Invoking: ARM gcc compiler
arm-xilinx-eabi-gcc -Wall -O0 -g3 -I"/home/sefo/devel/dev_boards/zedBoard/self-backed/hdl/projects/adv7511/zed/adv7511_zed.sdk/system_top_hw_platform_0" -c -fmessage-length=0 -MT"src/sd.o" -I../../fsbl-disp-coproc_bsp/ps7_cortexa9_0/include -MMD -MP -MF"src/sd.d" -MT"src/sd.d" -o "src/sd.o" "../src/sd.c"
Finished building: ../src/sd.c
 
Building target: fsbl-disp-coproc.elf
Invoking: ARM gcc linker
arm-xilinx-eabi-gcc -L"/home/sefo/devel/dev_boards/zedBoard/self-backed/hdl/projects/adv7511/zed/adv7511_zed.sdk/fsbl-disp-coproc/src" -Wl,-T -Wl,../src/lscript.ld -L../../fsbl-disp-coproc_bsp/ps7_cortexa9_0/lib -o "fsbl-disp-coproc.elf"  ./src/fsbl_handoff.o ./src/fsbl_hooks.o ./src/image_mover.o ./src/main.o ./src/md5.o ./src/nand.o ./src/nor.o ./src/pcap.o ./src/ps7_init.o ./src/qspi.o ./src/rsa.o ./src/sd.o   -lrsa -Wl,--start-group,-lxil,-lgcc,-lc,--end-group -Wl,--start-group,-lxilffs,-lxil,-lgcc,-lc,--end-group -Wl,--start-group,-lrsa,-lxil,-lgcc,-lc,--end-group
Finished building target: fsbl-disp-coproc.elf
 
Invoking: ARM Print Size
arm-xilinx-eabi-size fsbl-disp-coproc.elf  |tee "fsbl-disp-coproc.elf.size"
   text	   data	    bss	    dec	    hex	filename
  77120	  11860	  74308	 163288	  27dd8	fsbl-disp-coproc.elf
Finished building: fsbl-disp-coproc.elf.size
 
18:03:37 **** Auto Build of configuration Debug for project fsbl-disp-coproc ****
make all 
make: Für das Ziel „all“ ist nichts zu tun.
19:01:20 **** Auto Build of configuration Debug for project fsbl-disp-coproc ****
make all 
Building file: ../src/fsbl_hooks.c
Invoking: ARM gcc compiler
arm-xilinx-eabi-gcc -Wall -O0 -g3 -I"/home/sefo/devel/dev_boards/zedBoard/self-backed/hdl/projects/adv7511/zed/adv7511_zed.sdk/system_top_hw_platform_0" -c -fmessage-length=0 -MT"src/fsbl_hooks.o" -I../../fsbl-disp-coproc_bsp/ps7_cortexa9_0/include -MMD -MP -MF"src/fsbl_hooks.d" -MT"src/fsbl_hooks.d" -o "src/fsbl_hooks.o" "../src/fsbl_hooks.c"
Finished building: ../src/fsbl_hooks.c
 
Building file: ../src/image_mover.c
Invoking: ARM gcc compiler
arm-xilinx-eabi-gcc -Wall -O0 -g3 -I"/home/sefo/devel/dev_boards/zedBoard/self-backed/hdl/projects/adv7511/zed/adv7511_zed.sdk/system_top_hw_platform_0" -c -fmessage-length=0 -MT"src/image_mover.o" -I../../fsbl-disp-coproc_bsp/ps7_cortexa9_0/include -MMD -MP -MF"src/image_mover.d" -MT"src/image_mover.d" -o "src/image_mover.o" "../src/image_mover.c"
Finished building: ../src/image_mover.c
 
Building file: ../src/main.c
Invoking: ARM gcc compiler
arm-xilinx-eabi-gcc -Wall -O0 -g3 -I"/home/sefo/devel/dev_boards/zedBoard/self-backed/hdl/projects/adv7511/zed/adv7511_zed.sdk/system_top_hw_platform_0" -c -fmessage-length=0 -MT"src/main.o" -I../../fsbl-disp-coproc_bsp/ps7_cortexa9_0/include -MMD -MP -MF"src/main.d" -MT"src/main.d" -o "src/main.o" "../src/main.c"
Finished building: ../src/main.c
 
Building file: ../src/nand.c
Invoking: ARM gcc compiler
arm-xilinx-eabi-gcc -Wall -O0 -g3 -I"/home/sefo/devel/dev_boards/zedBoard/self-backed/hdl/projects/adv7511/zed/adv7511_zed.sdk/system_top_hw_platform_0" -c -fmessage-length=0 -MT"src/nand.o" -I../../fsbl-disp-coproc_bsp/ps7_cortexa9_0/include -MMD -MP -MF"src/nand.d" -MT"src/nand.d" -o "src/nand.o" "../src/nand.c"
Finished building: ../src/nand.c
 
Building file: ../src/nor.c
Invoking: ARM gcc compiler
arm-xilinx-eabi-gcc -Wall -O0 -g3 -I"/home/sefo/devel/dev_boards/zedBoard/self-backed/hdl/projects/adv7511/zed/adv7511_zed.sdk/system_top_hw_platform_0" -c -fmessage-length=0 -MT"src/nor.o" -I../../fsbl-disp-coproc_bsp/ps7_cortexa9_0/include -MMD -MP -MF"src/nor.d" -MT"src/nor.d" -o "src/nor.o" "../src/nor.c"
Finished building: ../src/nor.c
 
Building file: ../src/pcap.c
Invoking: ARM gcc compiler
arm-xilinx-eabi-gcc -Wall -O0 -g3 -I"/home/sefo/devel/dev_boards/zedBoard/self-backed/hdl/projects/adv7511/zed/adv7511_zed.sdk/system_top_hw_platform_0" -c -fmessage-length=0 -MT"src/pcap.o" -I../../fsbl-disp-coproc_bsp/ps7_cortexa9_0/include -MMD -MP -MF"src/pcap.d" -MT"src/pcap.d" -o "src/pcap.o" "../src/pcap.c"
Finished building: ../src/pcap.c
 
Building file: /home/sefo/devel/dev_boards/zedBoard/self-backed/hdl/projects/adv7511/zed/adv7511_zed.sdk/system_top_hw_platform_0/ps7_init.c
Invoking: ARM gcc compiler
arm-xilinx-eabi-gcc -Wall -O0 -g3 -I"/home/sefo/devel/dev_boards/zedBoard/self-backed/hdl/projects/adv7511/zed/adv7511_zed.sdk/system_top_hw_platform_0" -c -fmessage-length=0 -MT"src/ps7_init.o" -I../../fsbl-disp-coproc_bsp/ps7_cortexa9_0/include -MMD -MP -MF"src/ps7_init.d" -MT"src/ps7_init.d" -o "src/ps7_init.o" "/home/sefo/devel/dev_boards/zedBoard/self-backed/hdl/projects/adv7511/zed/adv7511_zed.sdk/system_top_hw_platform_0/ps7_init.c"
Finished building: /home/sefo/devel/dev_boards/zedBoard/self-backed/hdl/projects/adv7511/zed/adv7511_zed.sdk/system_top_hw_platform_0/ps7_init.c
 
Building file: ../src/qspi.c
Invoking: ARM gcc compiler
arm-xilinx-eabi-gcc -Wall -O0 -g3 -I"/home/sefo/devel/dev_boards/zedBoard/self-backed/hdl/projects/adv7511/zed/adv7511_zed.sdk/system_top_hw_platform_0" -c -fmessage-length=0 -MT"src/qspi.o" -I../../fsbl-disp-coproc_bsp/ps7_cortexa9_0/include -MMD -MP -MF"src/qspi.d" -MT"src/qspi.d" -o "src/qspi.o" "../src/qspi.c"
Finished building: ../src/qspi.c
 
Building file: ../src/rsa.c
Invoking: ARM gcc compiler
arm-xilinx-eabi-gcc -Wall -O0 -g3 -I"/home/sefo/devel/dev_boards/zedBoard/self-backed/hdl/projects/adv7511/zed/adv7511_zed.sdk/system_top_hw_platform_0" -c -fmessage-length=0 -MT"src/rsa.o" -I../../fsbl-disp-coproc_bsp/ps7_cortexa9_0/include -MMD -MP -MF"src/rsa.d" -MT"src/rsa.d" -o "src/rsa.o" "../src/rsa.c"
Finished building: ../src/rsa.c
 
Building file: ../src/sd.c
Invoking: ARM gcc compiler
arm-xilinx-eabi-gcc -Wall -O0 -g3 -I"/home/sefo/devel/dev_boards/zedBoard/self-backed/hdl/projects/adv7511/zed/adv7511_zed.sdk/system_top_hw_platform_0" -c -fmessage-length=0 -MT"src/sd.o" -I../../fsbl-disp-coproc_bsp/ps7_cortexa9_0/include -MMD -MP -MF"src/sd.d" -MT"src/sd.d" -o "src/sd.o" "../src/sd.c"
Finished building: ../src/sd.c
 
Building target: fsbl-disp-coproc.elf
Invoking: ARM gcc linker
arm-xilinx-eabi-gcc -L"/home/sefo/devel/dev_boards/zedBoard/self-backed/hdl/projects/adv7511/zed/adv7511_zed.sdk/fsbl-disp-coproc/src" -Wl,-T -Wl,../src/lscript.ld -L../../fsbl-disp-coproc_bsp/ps7_cortexa9_0/lib -o "fsbl-disp-coproc.elf"  ./src/fsbl_handoff.o ./src/fsbl_hooks.o ./src/image_mover.o ./src/main.o ./src/md5.o ./src/nand.o ./src/nor.o ./src/pcap.o ./src/ps7_init.o ./src/qspi.o ./src/rsa.o ./src/sd.o   -lrsa -Wl,--start-group,-lxil,-lgcc,-lc,--end-group -Wl,--start-group,-lxilffs,-lxil,-lgcc,-lc,--end-group -Wl,--start-group,-lrsa,-lxil,-lgcc,-lc,--end-group
Finished building target: fsbl-disp-coproc.elf
 
Invoking: ARM Print Size
arm-xilinx-eabi-size fsbl-disp-coproc.elf  |tee "fsbl-disp-coproc.elf.size"
   text	   data	    bss	    dec	    hex	filename
  77120	  11860	  74308	 163288	  27dd8	fsbl-disp-coproc.elf
Finished building: fsbl-disp-coproc.elf.size
 
19:09:13 **** Auto Build of configuration Debug for project fsbl-disp-coproc ****
make all 
make: Für das Ziel „all“ ist nichts zu tun.
21:24:25 **** Auto Build of configuration Debug for project fsbl-disp-coproc ****
make all 
Building file: ../src/fsbl_hooks.c
Invoking: ARM gcc compiler
arm-xilinx-eabi-gcc -Wall -O0 -g3 -I"/home/sefo/devel/dev_boards/zedBoard/self-backed/hdl/projects/adv7511/zed/adv7511_zed.sdk/system_top_hw_platform_0" -c -fmessage-length=0 -MT"src/fsbl_hooks.o" -I../../fsbl-disp-coproc_bsp/ps7_cortexa9_0/include -MMD -MP -MF"src/fsbl_hooks.d" -MT"src/fsbl_hooks.d" -o "src/fsbl_hooks.o" "../src/fsbl_hooks.c"
Finished building: ../src/fsbl_hooks.c
 
Building file: ../src/image_mover.c
Invoking: ARM gcc compiler
arm-xilinx-eabi-gcc -Wall -O0 -g3 -I"/home/sefo/devel/dev_boards/zedBoard/self-backed/hdl/projects/adv7511/zed/adv7511_zed.sdk/system_top_hw_platform_0" -c -fmessage-length=0 -MT"src/image_mover.o" -I../../fsbl-disp-coproc_bsp/ps7_cortexa9_0/include -MMD -MP -MF"src/image_mover.d" -MT"src/image_mover.d" -o "src/image_mover.o" "../src/image_mover.c"
Finished building: ../src/image_mover.c
 
Building file: ../src/main.c
Invoking: ARM gcc compiler
arm-xilinx-eabi-gcc -Wall -O0 -g3 -I"/home/sefo/devel/dev_boards/zedBoard/self-backed/hdl/projects/adv7511/zed/adv7511_zed.sdk/system_top_hw_platform_0" -c -fmessage-length=0 -MT"src/main.o" -I../../fsbl-disp-coproc_bsp/ps7_cortexa9_0/include -MMD -MP -MF"src/main.d" -MT"src/main.d" -o "src/main.o" "../src/main.c"
Finished building: ../src/main.c
 
Building file: ../src/nand.c
Invoking: ARM gcc compiler
arm-xilinx-eabi-gcc -Wall -O0 -g3 -I"/home/sefo/devel/dev_boards/zedBoard/self-backed/hdl/projects/adv7511/zed/adv7511_zed.sdk/system_top_hw_platform_0" -c -fmessage-length=0 -MT"src/nand.o" -I../../fsbl-disp-coproc_bsp/ps7_cortexa9_0/include -MMD -MP -MF"src/nand.d" -MT"src/nand.d" -o "src/nand.o" "../src/nand.c"
Finished building: ../src/nand.c
 
Building file: ../src/nor.c
Invoking: ARM gcc compiler
arm-xilinx-eabi-gcc -Wall -O0 -g3 -I"/home/sefo/devel/dev_boards/zedBoard/self-backed/hdl/projects/adv7511/zed/adv7511_zed.sdk/system_top_hw_platform_0" -c -fmessage-length=0 -MT"src/nor.o" -I../../fsbl-disp-coproc_bsp/ps7_cortexa9_0/include -MMD -MP -MF"src/nor.d" -MT"src/nor.d" -o "src/nor.o" "../src/nor.c"
Finished building: ../src/nor.c
 
Building file: ../src/pcap.c
Invoking: ARM gcc compiler
arm-xilinx-eabi-gcc -Wall -O0 -g3 -I"/home/sefo/devel/dev_boards/zedBoard/self-backed/hdl/projects/adv7511/zed/adv7511_zed.sdk/system_top_hw_platform_0" -c -fmessage-length=0 -MT"src/pcap.o" -I../../fsbl-disp-coproc_bsp/ps7_cortexa9_0/include -MMD -MP -MF"src/pcap.d" -MT"src/pcap.d" -o "src/pcap.o" "../src/pcap.c"
Finished building: ../src/pcap.c
 
Building file: /home/sefo/devel/dev_boards/zedBoard/self-backed/hdl/projects/adv7511/zed/adv7511_zed.sdk/system_top_hw_platform_0/ps7_init.c
Invoking: ARM gcc compiler
arm-xilinx-eabi-gcc -Wall -O0 -g3 -I"/home/sefo/devel/dev_boards/zedBoard/self-backed/hdl/projects/adv7511/zed/adv7511_zed.sdk/system_top_hw_platform_0" -c -fmessage-length=0 -MT"src/ps7_init.o" -I../../fsbl-disp-coproc_bsp/ps7_cortexa9_0/include -MMD -MP -MF"src/ps7_init.d" -MT"src/ps7_init.d" -o "src/ps7_init.o" "/home/sefo/devel/dev_boards/zedBoard/self-backed/hdl/projects/adv7511/zed/adv7511_zed.sdk/system_top_hw_platform_0/ps7_init.c"
Finished building: /home/sefo/devel/dev_boards/zedBoard/self-backed/hdl/projects/adv7511/zed/adv7511_zed.sdk/system_top_hw_platform_0/ps7_init.c
 
Building file: ../src/qspi.c
Invoking: ARM gcc compiler
arm-xilinx-eabi-gcc -Wall -O0 -g3 -I"/home/sefo/devel/dev_boards/zedBoard/self-backed/hdl/projects/adv7511/zed/adv7511_zed.sdk/system_top_hw_platform_0" -c -fmessage-length=0 -MT"src/qspi.o" -I../../fsbl-disp-coproc_bsp/ps7_cortexa9_0/include -MMD -MP -MF"src/qspi.d" -MT"src/qspi.d" -o "src/qspi.o" "../src/qspi.c"
Finished building: ../src/qspi.c
 
Building file: ../src/rsa.c
Invoking: ARM gcc compiler
arm-xilinx-eabi-gcc -Wall -O0 -g3 -I"/home/sefo/devel/dev_boards/zedBoard/self-backed/hdl/projects/adv7511/zed/adv7511_zed.sdk/system_top_hw_platform_0" -c -fmessage-length=0 -MT"src/rsa.o" -I../../fsbl-disp-coproc_bsp/ps7_cortexa9_0/include -MMD -MP -MF"src/rsa.d" -MT"src/rsa.d" -o "src/rsa.o" "../src/rsa.c"
Finished building: ../src/rsa.c
 
Building file: ../src/sd.c
Invoking: ARM gcc compiler
arm-xilinx-eabi-gcc -Wall -O0 -g3 -I"/home/sefo/devel/dev_boards/zedBoard/self-backed/hdl/projects/adv7511/zed/adv7511_zed.sdk/system_top_hw_platform_0" -c -fmessage-length=0 -MT"src/sd.o" -I../../fsbl-disp-coproc_bsp/ps7_cortexa9_0/include -MMD -MP -MF"src/sd.d" -MT"src/sd.d" -o "src/sd.o" "../src/sd.c"
Finished building: ../src/sd.c
 
Building target: fsbl-disp-coproc.elf
Invoking: ARM gcc linker
arm-xilinx-eabi-gcc -L"/home/sefo/devel/dev_boards/zedBoard/self-backed/hdl/projects/adv7511/zed/adv7511_zed.sdk/fsbl-disp-coproc/src" -Wl,-T -Wl,../src/lscript.ld -L../../fsbl-disp-coproc_bsp/ps7_cortexa9_0/lib -o "fsbl-disp-coproc.elf"  ./src/fsbl_handoff.o ./src/fsbl_hooks.o ./src/image_mover.o ./src/main.o ./src/md5.o ./src/nand.o ./src/nor.o ./src/pcap.o ./src/ps7_init.o ./src/qspi.o ./src/rsa.o ./src/sd.o   -lrsa -Wl,--start-group,-lxil,-lgcc,-lc,--end-group -Wl,--start-group,-lxilffs,-lxil,-lgcc,-lc,--end-group -Wl,--start-group,-lrsa,-lxil,-lgcc,-lc,--end-group
Finished building target: fsbl-disp-coproc.elf
 
Invoking: ARM Print Size
arm-xilinx-eabi-size fsbl-disp-coproc.elf  |tee "fsbl-disp-coproc.elf.size"
   text	   data	    bss	    dec	    hex	filename
  77120	  11860	  74308	 163288	  27dd8	fsbl-disp-coproc.elf
Finished building: fsbl-disp-coproc.elf.size
 
21:25:02 **** Auto Build of configuration Debug for project fsbl-disp-coproc ****
make all 
make: Für das Ziel „all“ ist nichts zu tun.
16:39:59 **** Auto Build of configuration Debug for project fsbl-disp-coproc ****
make all 
Building file: ../src/fsbl_hooks.c
Invoking: ARM gcc compiler
arm-xilinx-eabi-gcc -Wall -O0 -g3 -I"/home/sefo/devel/dev_boards/zedBoard/self-backed/hdl/projects/adv7511/zed/adv7511_zed.sdk/system_top_hw_platform_0" -c -fmessage-length=0 -MT"src/fsbl_hooks.o" -I../../fsbl-disp-coproc_bsp/ps7_cortexa9_0/include -MMD -MP -MF"src/fsbl_hooks.d" -MT"src/fsbl_hooks.d" -o "src/fsbl_hooks.o" "../src/fsbl_hooks.c"
Finished building: ../src/fsbl_hooks.c
 
Building file: ../src/image_mover.c
Invoking: ARM gcc compiler
arm-xilinx-eabi-gcc -Wall -O0 -g3 -I"/home/sefo/devel/dev_boards/zedBoard/self-backed/hdl/projects/adv7511/zed/adv7511_zed.sdk/system_top_hw_platform_0" -c -fmessage-length=0 -MT"src/image_mover.o" -I../../fsbl-disp-coproc_bsp/ps7_cortexa9_0/include -MMD -MP -MF"src/image_mover.d" -MT"src/image_mover.d" -o "src/image_mover.o" "../src/image_mover.c"
Finished building: ../src/image_mover.c
 
Building file: ../src/main.c
Invoking: ARM gcc compiler
arm-xilinx-eabi-gcc -Wall -O0 -g3 -I"/home/sefo/devel/dev_boards/zedBoard/self-backed/hdl/projects/adv7511/zed/adv7511_zed.sdk/system_top_hw_platform_0" -c -fmessage-length=0 -MT"src/main.o" -I../../fsbl-disp-coproc_bsp/ps7_cortexa9_0/include -MMD -MP -MF"src/main.d" -MT"src/main.d" -o "src/main.o" "../src/main.c"
Finished building: ../src/main.c
 
Building file: ../src/nand.c
Invoking: ARM gcc compiler
arm-xilinx-eabi-gcc -Wall -O0 -g3 -I"/home/sefo/devel/dev_boards/zedBoard/self-backed/hdl/projects/adv7511/zed/adv7511_zed.sdk/system_top_hw_platform_0" -c -fmessage-length=0 -MT"src/nand.o" -I../../fsbl-disp-coproc_bsp/ps7_cortexa9_0/include -MMD -MP -MF"src/nand.d" -MT"src/nand.d" -o "src/nand.o" "../src/nand.c"
Finished building: ../src/nand.c
 
Building file: ../src/nor.c
Invoking: ARM gcc compiler
arm-xilinx-eabi-gcc -Wall -O0 -g3 -I"/home/sefo/devel/dev_boards/zedBoard/self-backed/hdl/projects/adv7511/zed/adv7511_zed.sdk/system_top_hw_platform_0" -c -fmessage-length=0 -MT"src/nor.o" -I../../fsbl-disp-coproc_bsp/ps7_cortexa9_0/include -MMD -MP -MF"src/nor.d" -MT"src/nor.d" -o "src/nor.o" "../src/nor.c"
Finished building: ../src/nor.c
 
Building file: ../src/pcap.c
Invoking: ARM gcc compiler
arm-xilinx-eabi-gcc -Wall -O0 -g3 -I"/home/sefo/devel/dev_boards/zedBoard/self-backed/hdl/projects/adv7511/zed/adv7511_zed.sdk/system_top_hw_platform_0" -c -fmessage-length=0 -MT"src/pcap.o" -I../../fsbl-disp-coproc_bsp/ps7_cortexa9_0/include -MMD -MP -MF"src/pcap.d" -MT"src/pcap.d" -o "src/pcap.o" "../src/pcap.c"
Finished building: ../src/pcap.c
 
Building file: /home/sefo/devel/dev_boards/zedBoard/self-backed/hdl/projects/adv7511/zed/adv7511_zed.sdk/system_top_hw_platform_0/ps7_init.c
Invoking: ARM gcc compiler
arm-xilinx-eabi-gcc -Wall -O0 -g3 -I"/home/sefo/devel/dev_boards/zedBoard/self-backed/hdl/projects/adv7511/zed/adv7511_zed.sdk/system_top_hw_platform_0" -c -fmessage-length=0 -MT"src/ps7_init.o" -I../../fsbl-disp-coproc_bsp/ps7_cortexa9_0/include -MMD -MP -MF"src/ps7_init.d" -MT"src/ps7_init.d" -o "src/ps7_init.o" "/home/sefo/devel/dev_boards/zedBoard/self-backed/hdl/projects/adv7511/zed/adv7511_zed.sdk/system_top_hw_platform_0/ps7_init.c"
Finished building: /home/sefo/devel/dev_boards/zedBoard/self-backed/hdl/projects/adv7511/zed/adv7511_zed.sdk/system_top_hw_platform_0/ps7_init.c
 
Building file: ../src/qspi.c
Invoking: ARM gcc compiler
arm-xilinx-eabi-gcc -Wall -O0 -g3 -I"/home/sefo/devel/dev_boards/zedBoard/self-backed/hdl/projects/adv7511/zed/adv7511_zed.sdk/system_top_hw_platform_0" -c -fmessage-length=0 -MT"src/qspi.o" -I../../fsbl-disp-coproc_bsp/ps7_cortexa9_0/include -MMD -MP -MF"src/qspi.d" -MT"src/qspi.d" -o "src/qspi.o" "../src/qspi.c"
Finished building: ../src/qspi.c
 
Building file: ../src/rsa.c
Invoking: ARM gcc compiler
arm-xilinx-eabi-gcc -Wall -O0 -g3 -I"/home/sefo/devel/dev_boards/zedBoard/self-backed/hdl/projects/adv7511/zed/adv7511_zed.sdk/system_top_hw_platform_0" -c -fmessage-length=0 -MT"src/rsa.o" -I../../fsbl-disp-coproc_bsp/ps7_cortexa9_0/include -MMD -MP -MF"src/rsa.d" -MT"src/rsa.d" -o "src/rsa.o" "../src/rsa.c"
Finished building: ../src/rsa.c
 
Building file: ../src/sd.c
Invoking: ARM gcc compiler
arm-xilinx-eabi-gcc -Wall -O0 -g3 -I"/home/sefo/devel/dev_boards/zedBoard/self-backed/hdl/projects/adv7511/zed/adv7511_zed.sdk/system_top_hw_platform_0" -c -fmessage-length=0 -MT"src/sd.o" -I../../fsbl-disp-coproc_bsp/ps7_cortexa9_0/include -MMD -MP -MF"src/sd.d" -MT"src/sd.d" -o "src/sd.o" "../src/sd.c"
Finished building: ../src/sd.c
 
Building target: fsbl-disp-coproc.elf
Invoking: ARM gcc linker
arm-xilinx-eabi-gcc -L"/home/sefo/devel/dev_boards/zedBoard/self-backed/hdl/projects/adv7511/zed/adv7511_zed.sdk/fsbl-disp-coproc/src" -Wl,-T -Wl,../src/lscript.ld -L../../fsbl-disp-coproc_bsp/ps7_cortexa9_0/lib -o "fsbl-disp-coproc.elf"  ./src/fsbl_handoff.o ./src/fsbl_hooks.o ./src/image_mover.o ./src/main.o ./src/md5.o ./src/nand.o ./src/nor.o ./src/pcap.o ./src/ps7_init.o ./src/qspi.o ./src/rsa.o ./src/sd.o   -lrsa -Wl,--start-group,-lxil,-lgcc,-lc,--end-group -Wl,--start-group,-lxilffs,-lxil,-lgcc,-lc,--end-group -Wl,--start-group,-lrsa,-lxil,-lgcc,-lc,--end-group
Finished building target: fsbl-disp-coproc.elf
 
Invoking: ARM Print Size
arm-xilinx-eabi-size fsbl-disp-coproc.elf  |tee "fsbl-disp-coproc.elf.size"
   text	   data	    bss	    dec	    hex	filename
  77120	  11860	  74308	 163288	  27dd8	fsbl-disp-coproc.elf
Finished building: fsbl-disp-coproc.elf.size
 
16:40:42 **** Auto Build of configuration Debug for project fsbl-disp-coproc ****
make all 
make: Für das Ziel „all“ ist nichts zu tun.
